Archive member included to satisfy reference by file (symbol)

c:/program files (x86)/7.0/toolchain/arm/arm-gnu-toolchain/bin/../lib/gcc/arm-none-eabi/6.3.1/thumb/v7e-m\libgcc.a(_aeabi_uldivmod.o)
                              src/oled/ssd1306.o (__aeabi_uldivmod)
c:/program files (x86)/7.0/toolchain/arm/arm-gnu-toolchain/bin/../lib/gcc/arm-none-eabi/6.3.1/thumb/v7e-m\libgcc.a(_udivmoddi4.o)
                              c:/program files (x86)/7.0/toolchain/arm/arm-gnu-toolchain/bin/../lib/gcc/arm-none-eabi/6.3.1/thumb/v7e-m\libgcc.a(_aeabi_uldivmod.o) (__udivmoddi4)
c:/program files (x86)/7.0/toolchain/arm/arm-gnu-toolchain/bin/../lib/gcc/arm-none-eabi/6.3.1/thumb/v7e-m\libgcc.a(_dvmd_tls.o)
                              c:/program files (x86)/7.0/toolchain/arm/arm-gnu-toolchain/bin/../lib/gcc/arm-none-eabi/6.3.1/thumb/v7e-m\libgcc.a(_aeabi_uldivmod.o) (__aeabi_ldiv0)
c:/program files (x86)/7.0/toolchain/arm/arm-gnu-toolchain/bin/../lib/gcc/arm-none-eabi/6.3.1/../../../../arm-none-eabi/lib/thumb/v7e-m\libc.a(lib_a-exit.o)
                              c:/program files (x86)/7.0/toolchain/arm/arm-gnu-toolchain/bin/../lib/gcc/arm-none-eabi/6.3.1/../../../../arm-none-eabi/lib/thumb/v7e-m/crt0.o (exit)
c:/program files (x86)/7.0/toolchain/arm/arm-gnu-toolchain/bin/../lib/gcc/arm-none-eabi/6.3.1/../../../../arm-none-eabi/lib/thumb/v7e-m\libc.a(lib_a-impure.o)
                              c:/program files (x86)/7.0/toolchain/arm/arm-gnu-toolchain/bin/../lib/gcc/arm-none-eabi/6.3.1/../../../../arm-none-eabi/lib/thumb/v7e-m\libc.a(lib_a-exit.o) (_global_impure_ptr)
c:/program files (x86)/7.0/toolchain/arm/arm-gnu-toolchain/bin/../lib/gcc/arm-none-eabi/6.3.1/../../../../arm-none-eabi/lib/thumb/v7e-m\libc.a(lib_a-init.o)
                              c:/program files (x86)/7.0/toolchain/arm/arm-gnu-toolchain/bin/../lib/gcc/arm-none-eabi/6.3.1/../../../../arm-none-eabi/lib/thumb/v7e-m/crt0.o (__libc_init_array)
c:/program files (x86)/7.0/toolchain/arm/arm-gnu-toolchain/bin/../lib/gcc/arm-none-eabi/6.3.1/../../../../arm-none-eabi/lib/thumb/v7e-m\libc.a(lib_a-memset.o)
                              c:/program files (x86)/7.0/toolchain/arm/arm-gnu-toolchain/bin/../lib/gcc/arm-none-eabi/6.3.1/../../../../arm-none-eabi/lib/thumb/v7e-m/crt0.o (memset)
c:/program files (x86)/7.0/toolchain/arm/arm-gnu-toolchain/bin/../lib/gcc/arm-none-eabi/6.3.1/../../../../arm-none-eabi/lib/thumb/v7e-m\libc.a(lib_a-__call_atexit.o)
                              c:/program files (x86)/7.0/toolchain/arm/arm-gnu-toolchain/bin/../lib/gcc/arm-none-eabi/6.3.1/../../../../arm-none-eabi/lib/thumb/v7e-m\libc.a(lib_a-exit.o) (__call_exitprocs)
c:/program files (x86)/7.0/toolchain/arm/arm-gnu-toolchain/bin/../lib/gcc/arm-none-eabi/6.3.1/../../../../arm-none-eabi/lib/thumb/v7e-m\libc.a(lib_a-atexit.o)
                              c:/program files (x86)/7.0/toolchain/arm/arm-gnu-toolchain/bin/../lib/gcc/arm-none-eabi/6.3.1/../../../../arm-none-eabi/lib/thumb/v7e-m\libc.a(lib_a-__call_atexit.o) (atexit)
c:/program files (x86)/7.0/toolchain/arm/arm-gnu-toolchain/bin/../lib/gcc/arm-none-eabi/6.3.1/../../../../arm-none-eabi/lib/thumb/v7e-m\libc.a(lib_a-fini.o)
                              c:/program files (x86)/7.0/toolchain/arm/arm-gnu-toolchain/bin/../lib/gcc/arm-none-eabi/6.3.1/../../../../arm-none-eabi/lib/thumb/v7e-m\libc.a(lib_a-__call_atexit.o) (__libc_fini_array)
c:/program files (x86)/7.0/toolchain/arm/arm-gnu-toolchain/bin/../lib/gcc/arm-none-eabi/6.3.1/../../../../arm-none-eabi/lib/thumb/v7e-m\libc.a(lib_a-lock.o)
                              c:/program files (x86)/7.0/toolchain/arm/arm-gnu-toolchain/bin/../lib/gcc/arm-none-eabi/6.3.1/../../../../arm-none-eabi/lib/thumb/v7e-m\libc.a(lib_a-__call_atexit.o) (__retarget_lock_acquire_recursive)
c:/program files (x86)/7.0/toolchain/arm/arm-gnu-toolchain/bin/../lib/gcc/arm-none-eabi/6.3.1/../../../../arm-none-eabi/lib/thumb/v7e-m\libc.a(lib_a-__atexit.o)
                              c:/program files (x86)/7.0/toolchain/arm/arm-gnu-toolchain/bin/../lib/gcc/arm-none-eabi/6.3.1/../../../../arm-none-eabi/lib/thumb/v7e-m\libc.a(lib_a-atexit.o) (__register_exitproc)

Allocating common symbols
Common symbol       size              file

__lock___atexit_recursive_mutex
                    0x1               c:/program files (x86)/7.0/toolchain/arm/arm-gnu-toolchain/bin/../lib/gcc/arm-none-eabi/6.3.1/../../../../arm-none-eabi/lib/thumb/v7e-m\libc.a(lib_a-lock.o)
but1_flag           0x1               src/main.o
__lock___arc4random_mutex
                    0x1               c:/program files (x86)/7.0/toolchain/arm/arm-gnu-toolchain/bin/../lib/gcc/arm-none-eabi/6.3.1/../../../../arm-none-eabi/lib/thumb/v7e-m\libc.a(lib_a-lock.o)
__lock___env_recursive_mutex
                    0x1               c:/program files (x86)/7.0/toolchain/arm/arm-gnu-toolchain/bin/../lib/gcc/arm-none-eabi/6.3.1/../../../../arm-none-eabi/lib/thumb/v7e-m\libc.a(lib_a-lock.o)
__lock___sinit_recursive_mutex
[...]
Memory Configuration

Name             Origin             Length             Attributes
rom              0x00400000         0x00200000         xr
ram              0x20400000         0x00060000         xrw
*default*        0x00000000         0xffffffff

Linker script and memory map

LOAD c:/program files (x86)/7.0/toolchain/arm/arm-gnu-toolchain/bin/../lib/gcc/arm-none-eabi/6.3.1/thumb/v7e-m/crti.o
LOAD c:/program files (x86)/7.0/toolchain/arm/arm-gnu-toolchain/bin/../lib/gcc/arm-none-eabi/6.3.1/thumb/v7e-m/crtbegin.o
LOAD c:/program files (x86)/7.0/toolchain/arm/arm-gnu-toolchain/bin/../lib/gcc/arm-none-eabi/6.3.1/../../../../arm-none-eabi/lib/thumb/v7e-m/crt0.o
LOAD src/ASF/sam/drivers/rtc/rtc.o
LOAD src/ASF/sam/drivers/rtt/rtt.o
LOAD src/ASF/sam/drivers/spi/spi.o
LOAD src/ASF/sam/drivers/tc/tc.o
LOAD src/helpers.o
LOAD src/oled/gfx_mono_framebuffer.o
LOAD src/oled/gfx_mono_generic.o
LOAD src/oled/gfx_mono_text.o
LOAD src/oled/gfx_mono_ug_2832hsweg04.o
LOAD src/oled/ssd1306.o
LOAD src/oled/sysfont.o
LOAD src/ASF/common/services/delay/sam/cycle_counter.o
LOAD src/ASF/common/services/clock/same70/sysclk.o
LOAD src/ASF/common/utils/interrupt/interrupt_sam_nvic.o
LOAD src/ASF/sam/boards/same70_xplained/init.o
LOAD src/ASF/sam/drivers/mpu/mpu.o
LOAD src/ASF/sam/drivers/pio/pio.o
LOAD src/ASF/sam/drivers/pio/pio_handler.o
LOAD src/ASF/sam/drivers/pmc/pmc.o
LOAD src/ASF/sam/drivers/pmc/sleep.o
LOAD src/ASF/sam/utils/cmsis/same70/source/templates/gcc/startup_same70.o
LOAD src/ASF/sam/utils/cmsis/same70/source/templates/system_same70.o
LOAD src/ASF/sam/utils/syscalls/gcc/syscalls.o
LOAD src/main.o
START GROUP
LOAD ../src/ASF/thirdparty/CMSIS/Lib/GCC\libarm_cortexM7lfsp_math_softfp.a
LOAD c:/program files (x86)/7.0/toolchain/arm/arm-gnu-toolchain/bin/../lib/gcc/arm-none-eabi/6.3.1/../../../../arm-none-eabi/lib/thumb/v7e-m\libm.a
END GROUP
START GROUP
LOAD c:/program files (x86)/7.0/toolchain/arm/arm-gnu-toolchain/bin/../lib/gcc/arm-none-eabi/6.3.1/thumb/v7e-m\libgcc.a
LOAD c:/program files (x86)/7.0/toolchain/arm/arm-gnu-toolchain/bin/../lib/gcc/arm-none-eabi/6.3.1/../../../../arm-none-eabi/lib/thumb/v7e-m\libc.a
END GROUP
LOAD c:/program files (x86)/7.0/toolchain/arm/arm-gnu-toolchain/bin/../lib/gcc/arm-none-eabi/6.3.1/thumb/v7e-m/crtend.o
LOAD c:/program files (x86)/7.0/toolchain/arm/arm-gnu-toolchain/bin/../lib/gcc/arm-none-eabi/6.3.1/thumb/v7e-m/crtn.o
                0x00002000                STACK_SIZE = DEFINED (STACK_SIZE)?STACK_SIZE:0x2000
                0x2045fffc                __ram_end__ = ((ORIGIN (ram) + LENGTH (ram)) - 0x4)
                0x00000200                HEAP_SIZE = DEFINED (HEAP_SIZE)?HEAP_SIZE:0x200

.text           0x00400000     0x4538
                0x00400000                . = ALIGN (0x4)
                0x00400000                _sfixed = .
 *(.vectors .vectors.*)
 .vectors       0x00400000      0x140 src/ASF/sam/utils/cmsis/same70/source/templates/gcc/startup_same70.o
                0x00400000                exception_table
 *(.text .text.* .gnu.linkonce.t.*)
 .text          0x00400140       0x6c c:/program files (x86)/7.0/toolchain/arm/arm-gnu-toolchain/bin/../lib/gcc/arm-none-eabi/6.3.1/thumb/v7e-m/crtbegin.o
 .text.rtt_init
                0x004001ac       0x30 src/ASF/sam/drivers/rtt/rtt.o
                0x004001ac                rtt_init
 .text.rtt_sel_source
                0x004001dc       0x58 src/ASF/sam/drivers/rtt/rtt.o
                0x004001dc                rtt_sel_source
 .text.rtt_enable_interrupt
                0x00400234       0x38 src/ASF/sam/drivers/rtt/rtt.o
                0x00400234                rtt_enable_interrupt
 .text.rtt_disable_interrupt
                0x0040026c       0x40 src/ASF/sam/drivers/rtt/rtt.o
                0x0040026c                rtt_disable_interrupt
 .text.rtt_read_timer_value
                0x004002ac       0x2e src/ASF/sam/drivers/rtt/rtt.o
                0x004002ac                rtt_read_timer_value
 .text.rtt_get_status
                0x004002da       0x18 src/ASF/sam/drivers/rtt/rtt.o
                0x004002da                rtt_get_status
 *fill*         0x004002f2        0x2 
 .text.rtt_write_alarm_time
                0x004002f4       0x5c src/ASF/sam/drivers/rtt/rtt.o
                0x004002f4                rtt_write_alarm_time
 .text.spi_get_peripheral_select_mode
                0x00400350       0x26 src/ASF/sam/drivers/spi/spi.o
 *fill*         0x00400376        0x2 
 .text.sysclk_enable_peripheral_clock
                0x00400378       0x1c src/ASF/sam/drivers/spi/spi.o
 .text.spi_enable_clock
                0x00400394       0x3c src/ASF/sam/drivers/spi/spi.o
                0x00400394                spi_enable_clock
 .text.spi_set_peripheral_chip_select_value
                0x004003d0       0x34 src/ASF/sam/drivers/spi/spi.o
                0x004003d0                spi_set_peripheral_chip_select_value
 .text.spi_write
                0x00400404       0x80 src/ASF/sam/drivers/spi/spi.o
                0x00400404                spi_write
 .text.spi_set_clock_polarity
                0x00400484       0x50 src/ASF/sam/drivers/spi/spi.o
                0x00400484                spi_set_clock_polarity
 .text.spi_set_clock_phase
                0x004004d4       0x50 src/ASF/sam/drivers/spi/spi.o
                0x004004d4                spi_set_clock_phase
 .text.spi_configure_cs_behavior
                0x00400524       0xa6 src/ASF/sam/drivers/spi/spi.o
                0x00400524                spi_configure_cs_behavior
 .text.spi_set_bits_per_transfer
                0x004005ca       0x4a src/ASF/sam/drivers/spi/spi.o
                0x004005ca                spi_set_bits_per_transfer
 .text.spi_calc_baudrate_div
                0x00400614       0x3c src/ASF/sam/drivers/spi/spi.o
                0x00400614                spi_calc_baudrate_div
 .text.spi_set_baudrate_div
                0x00400650       0x5e src/ASF/sam/drivers/spi/spi.o
                0x00400650                spi_set_baudrate_div
 .text.tc_init  0x004006ae       0x3a src/ASF/sam/drivers/tc/tc.o
                0x004006ae                tc_init
 .text.tc_start
                0x004006e8       0x22 src/ASF/sam/drivers/tc/tc.o
                0x004006e8                tc_start
 .text.tc_stop  0x0040070a       0x22 src/ASF/sam/drivers/tc/tc.o
                0x0040070a                tc_stop
 .text.tc_write_rc
                0x0040072c       0x26 src/ASF/sam/drivers/tc/tc.o
                0x0040072c                tc_write_rc
 .text.tc_enable_interrupt
                0x00400752       0x28 src/ASF/sam/drivers/tc/tc.o
                0x00400752                tc_enable_interrupt
 .text.tc_get_status
                0x0040077a       0x24 src/ASF/sam/drivers/tc/tc.o
                0x0040077a                tc_get_status
 .text.tc_find_mck_divisor
                0x0040079e       0xa6 src/ASF/sam/drivers/tc/tc.o
                0x0040079e                tc_find_mck_divisor
 .text.NVIC_EnableIRQ
                0x00400844       0x34 src/helpers.o
 .text.NVIC_DisableIRQ
                0x00400878       0x34 src/helpers.o
 .text.NVIC_ClearPendingIRQ
                0x004008ac       0x34 src/helpers.o
 .text.NVIC_SetPriority
                0x004008e0       0x54 src/helpers.o
 .text.osc_get_rate
                0x00400934       0x74 src/helpers.o
 .text.sysclk_get_main_hz
                0x004009a8       0x20 src/helpers.o
 .text.sysclk_get_cpu_hz
                0x004009c8       0x14 src/helpers.o
 .text.TC_init  0x004009dc       0xa4 src/helpers.o
                0x004009dc                TC_init
 .text.RTT_init
                0x00400a80       0xd8 src/helpers.o
                0x00400a80                RTT_init
 .text.gfx_mono_set_framebuffer
                0x00400b58       0x20 src/oled/gfx_mono_framebuffer.o
                0x00400b58                gfx_mono_set_framebuffer
 .text.gfx_mono_framebuffer_put_byte
                0x00400b78       0x38 src/oled/gfx_mono_framebuffer.o
                0x00400b78                gfx_mono_framebuffer_put_byte
 .text.gfx_mono_framebuffer_get_byte
                0x00400bb0       0x34 src/oled/gfx_mono_framebuffer.o
                0x00400bb0                gfx_mono_framebuffer_get_byte
 .text.gfx_mono_generic_draw_horizontal_line
                0x00400be4      0x130 src/oled/gfx_mono_generic.o
                0x00400be4                gfx_mono_generic_draw_horizontal_line
 .text.gfx_mono_generic_draw_filled_rect
                0x00400d14       0x50 src/oled/gfx_mono_generic.o
                0x00400d14                gfx_mono_generic_draw_filled_rect
 .text.gfx_mono_draw_char_progmem
                0x00400d64       0xe0 src/oled/gfx_mono_text.o
 .text.gfx_mono_draw_char
                0x00400e44       0x54 src/oled/gfx_mono_text.o
                0x00400e44                gfx_mono_draw_char
 .text.gfx_mono_draw_string
                0x00400e98       0x6c src/oled/gfx_mono_text.o
                0x00400e98                gfx_mono_draw_string
 .text.ssd1306_set_page_address
                0x00400f04       0x2c src/oled/gfx_mono_ug_2832hsweg04.o
 .text.ssd1306_set_column_address
                0x00400f30       0x40 src/oled/gfx_mono_ug_2832hsweg04.o
 .text.ssd1306_set_display_start_line_address
                0x00400f70       0x2c src/oled/gfx_mono_ug_2832hsweg04.o
 .text.gfx_mono_ssd1306_init
                0x00400f9c       0x64 src/oled/gfx_mono_ug_2832hsweg04.o
                0x00400f9c                gfx_mono_ssd1306_init
 .text.gfx_mono_ssd1306_draw_pixel
                0x00401000       0x9c src/oled/gfx_mono_ug_2832hsweg04.o
                0x00401000                gfx_mono_ssd1306_draw_pixel
 .text.gfx_mono_ssd1306_put_byte
                0x0040109c       0x84 src/oled/gfx_mono_ug_2832hsweg04.o
                0x0040109c                gfx_mono_ssd1306_put_byte
 .text.gfx_mono_ssd1306_get_byte
                0x00401120       0x2c src/oled/gfx_mono_ug_2832hsweg04.o
                0x00401120                gfx_mono_ssd1306_get_byte
 .text.osc_get_rate
                0x0040114c       0x74 src/oled/ssd1306.o
 .text.sysclk_get_main_hz
                0x004011c0       0x20 src/oled/ssd1306.o
 .text.sysclk_get_cpu_hz
                0x004011e0       0x14 src/oled/ssd1306.o
 .text.sysclk_get_peripheral_hz
                0x004011f4       0x14 src/oled/ssd1306.o
 .text.ioport_enable_pin
                0x00401208       0x4c src/oled/ssd1306.o
 .text.ioport_set_pin_mode
                0x00401254      0x11c src/oled/ssd1306.o
 .text.ioport_set_pin_dir
                0x00401370       0x88 src/oled/ssd1306.o
 .text.ioport_set_pin_level
                0x004013f8       0x6c src/oled/ssd1306.o
 .text.spi_reset
                0x00401464       0x1a src/oled/ssd1306.o
 .text.spi_enable
                0x0040147e       0x1a src/oled/ssd1306.o
 .text.spi_disable
                0x00401498       0x1a src/oled/ssd1306.o
 .text.spi_set_master_mode
                0x004014b2       0x20 src/oled/ssd1306.o
 .text.spi_set_fixed_peripheral_select
                0x004014d2       0x20 src/oled/ssd1306.o
 .text.spi_disable_mode_fault_detect
                0x004014f2       0x20 src/oled/ssd1306.o
 .text.spi_disable_loopback
                0x00401512       0x20 src/oled/ssd1306.o
 *fill*         0x00401532        0x2 
 .text.ssd1306_hard_reset
                0x00401534       0x54 src/oled/ssd1306.o
 .text.ssd1306_display_on
                0x00401588       0x14 src/oled/ssd1306.o
 .text.ssd1306_set_contrast
                0x0040159c       0x28 src/oled/ssd1306.o
 .text.ssd1306_display_invert_disable
                0x004015c4       0x14 src/oled/ssd1306.o
 .text.ssd1306_interface_init
                0x004015d8      0x180 src/oled/ssd1306.o
 .text.ssd1306_init
                0x00401758       0xb0 src/oled/ssd1306.o
                0x00401758                ssd1306_init
 .text.ssd1306_write_command
                0x00401808       0xa4 src/oled/ssd1306.o
                0x00401808                ssd1306_write_command
 .text.ssd1306_write_data
                0x004018ac       0xa4 src/oled/ssd1306.o
                0x004018ac                ssd1306_write_data
 .text.osc_enable
                0x00401950       0x88 src/ASF/common/services/clock/same70/sysclk.o
 .text.osc_is_ready
                0x004019d8       0x70 src/ASF/common/services/clock/same70/sysclk.o
 .text.osc_get_rate
                0x00401a48       0x74 src/ASF/common/services/clock/same70/sysclk.o
 .text.osc_wait_ready
                0x00401abc       0x2c src/ASF/common/services/clock/same70/sysclk.o
 .text.pll_config_init
                0x00401ae8       0x6c src/ASF/common/services/clock/same70/sysclk.o
 .text.pll_enable
                0x00401b54       0x40 src/ASF/common/services/clock/same70/sysclk.o
 .text.pll_is_locked
                0x00401b94       0x2c src/ASF/common/services/clock/same70/sysclk.o
 .text.pll_enable_source
                0x00401bc0       0x38 src/ASF/common/services/clock/same70/sysclk.o
 .text.pll_wait_for_lock
                0x00401bf8       0x24 src/ASF/common/services/clock/same70/sysclk.o
 .text.sysclk_get_main_hz
                0x00401c1c       0x20 src/ASF/common/services/clock/same70/sysclk.o
 .text.sysclk_get_cpu_hz
                0x00401c3c       0x14 src/ASF/common/services/clock/same70/sysclk.o
 .text.sysclk_init
                0x00401c50       0x7c src/ASF/common/services/clock/same70/sysclk.o
                0x00401c50                sysclk_init
 .text.SCB_EnableICache
                0x00401ccc       0x38 src/ASF/sam/boards/same70_xplained/init.o
 .text.SCB_EnableDCache
                0x00401d04       0xa4 src/ASF/sam/boards/same70_xplained/init.o
 .text.sysclk_enable_peripheral_clock
                0x00401da8       0x1c src/ASF/sam/boards/same70_xplained/init.o
 .text.ioport_init
                0x00401dc4       0x2c src/ASF/sam/boards/same70_xplained/init.o
 .text.ioport_set_pin_mode
                0x00401df0      0x11c src/ASF/sam/boards/same70_xplained/init.o
 .text.ioport_set_pin_dir
                0x00401f0c       0x88 src/ASF/sam/boards/same70_xplained/init.o
 .text.ioport_set_pin_level
                0x00401f94       0x6c src/ASF/sam/boards/same70_xplained/init.o
 .text.ioport_set_pin_sense_mode
                0x00402000       0xd0 src/ASF/sam/boards/same70_xplained/init.o
 .text.tcm_disable
                0x004020d0       0x44 src/ASF/sam/boards/same70_xplained/init.o
 .text.board_init
                0x00402114       0x84 src/ASF/sam/boards/same70_xplained/init.o
                0x00402114                board_init
 .text.pio_pull_up
                0x00402198       0x2c src/ASF/sam/drivers/pio/pio.o
                0x00402198                pio_pull_up
 .text.pio_set  0x004021c4       0x1c src/ASF/sam/drivers/pio/pio.o
                0x004021c4                pio_set
 .text.pio_clear
                0x004021e0       0x1c src/ASF/sam/drivers/pio/pio.o
                0x004021e0                pio_clear
 .text.pio_set_peripheral
                0x004021fc      0x110 src/ASF/sam/drivers/pio/pio.o
                0x004021fc                pio_set_peripheral
 .text.pio_set_input
                0x0040230c       0x80 src/ASF/sam/drivers/pio/pio.o
                0x0040230c                pio_set_input
 .text.pio_set_output
                0x0040238c       0x64 src/ASF/sam/drivers/pio/pio.o
                0x0040238c                pio_set_output
 .text.pio_configure
                0x004023f0       0xcc src/ASF/sam/drivers/pio/pio.o
                0x004023f0                pio_configure
 .text.pio_get_output_data_status
                0x004024bc       0x28 src/ASF/sam/drivers/pio/pio.o
                0x004024bc                pio_get_output_data_status
 .text.pio_configure_interrupt
                0x004024e4       0x6c src/ASF/sam/drivers/pio/pio.o
                0x004024e4                pio_configure_interrupt
 .text.pio_enable_interrupt
                0x00402550       0x1c src/ASF/sam/drivers/pio/pio.o
                0x00402550                pio_enable_interrupt
 .text.pio_disable_interrupt
                0x0040256c       0x1c src/ASF/sam/drivers/pio/pio.o
                0x0040256c                pio_disable_interrupt
 .text.pio_get_interrupt_status
                0x00402588       0x18 src/ASF/sam/drivers/pio/pio.o
                0x00402588                pio_get_interrupt_status
 .text.pio_get_interrupt_mask
                0x004025a0       0x18 src/ASF/sam/drivers/pio/pio.o
                0x004025a0                pio_get_interrupt_mask
 .text.pio_handler_process
                0x004025b8       0xb4 src/ASF/sam/drivers/pio/pio_handler.o
                0x004025b8                pio_handler_process
 .text.pio_handler_set
                0x0040266c       0xa0 src/ASF/sam/drivers/pio/pio_handler.o
                0x0040266c                pio_handler_set
 .text.PIOA_Handler
                0x0040270c       0x18 src/ASF/sam/drivers/pio/pio_handler.o
                0x0040270c                PIOA_Handler
 .text.PIOB_Handler
                0x00402724       0x18 src/ASF/sam/drivers/pio/pio_handler.o
                0x00402724                PIOB_Handler
 .text.PIOC_Handler
                0x0040273c       0x18 src/ASF/sam/drivers/pio/pio_handler.o
                0x0040273c                PIOC_Handler
 .text.PIOD_Handler
                0x00402754       0x18 src/ASF/sam/drivers/pio/pio_handler.o
                0x00402754                PIOD_Handler
 .text.PIOE_Handler
                0x0040276c       0x18 src/ASF/sam/drivers/pio/pio_handler.o
                0x0040276c                PIOE_Handler
 .text.pmc_mck_set_division
                0x00402784       0x7c src/ASF/sam/drivers/pmc/pmc.o
                0x00402784                pmc_mck_set_division
 .text.pmc_switch_mck_to_pllack
                0x00402800       0x84 src/ASF/sam/drivers/pmc/pmc.o
                0x00402800                pmc_switch_mck_to_pllack
 .text.pmc_switch_sclk_to_32kxtal
                0x00402884       0x38 src/ASF/sam/drivers/pmc/pmc.o
                0x00402884                pmc_switch_sclk_to_32kxtal
 .text.pmc_osc_is_ready_32kxtal
                0x004028bc       0x34 src/ASF/sam/drivers/pmc/pmc.o
                0x004028bc                pmc_osc_is_ready_32kxtal
 .text.pmc_switch_mainck_to_fastrc
                0x004028f0       0x70 src/ASF/sam/drivers/pmc/pmc.o
                0x004028f0                pmc_switch_mainck_to_fastrc
 .text.pmc_switch_mainck_to_xtal
                0x00402960       0x78 src/ASF/sam/drivers/pmc/pmc.o
                0x00402960                pmc_switch_mainck_to_xtal
 .text.pmc_osc_is_ready_mainck
                0x004029d8       0x1c src/ASF/sam/drivers/pmc/pmc.o
                0x004029d8                pmc_osc_is_ready_mainck
 .text.pmc_disable_pllack
                0x004029f4       0x1c src/ASF/sam/drivers/pmc/pmc.o
                0x004029f4                pmc_disable_pllack
 .text.pmc_is_locked_pllack
                0x00402a10       0x1c src/ASF/sam/drivers/pmc/pmc.o
                0x00402a10                pmc_is_locked_pllack
 .text.pmc_is_locked_upll
                0x00402a2c       0x1c src/ASF/sam/drivers/pmc/pmc.o
                0x00402a2c                pmc_is_locked_upll
 .text.pmc_enable_periph_clk
                0x00402a48       0x84 src/ASF/sam/drivers/pmc/pmc.o
                0x00402a48                pmc_enable_periph_clk
 .text.cpu_irq_save
                0x00402acc       0x38 src/ASF/sam/utils/cmsis/same70/source/templates/gcc/startup_same70.o
 .text.cpu_irq_is_enabled_flags
                0x00402b04       0x20 src/ASF/sam/utils/cmsis/same70/source/templates/gcc/startup_same70.o
 .text.cpu_irq_restore
                0x00402b24       0x30 src/ASF/sam/utils/cmsis/same70/source/templates/gcc/startup_same70.o
 .text.Reset_Handler
                0x00402b54       0xb0 src/ASF/sam/utils/cmsis/same70/source/templates/gcc/startup_same70.o
                0x00402b54                Reset_Handler
 .text.Dummy_Handler
                0x00402c04        0x6 src/ASF/sam/utils/cmsis/same70/source/templates/gcc/startup_same70.o
                0x00402c04                DACC_Handler
                0x00402c04                DebugMon_Handler
                0x00402c04                UART3_Handler
                0x00402c04                UART2_Handler
                0x00402c04                TRNG_Handler
                0x00402c04                HardFault_Handler
                0x00402c04                TC2_Handler
                0x00402c04                SysTick_Handler
                0x00402c04                AFEC1_Handler
                0x00402c04                PendSV_Handler
                0x00402c04                NMI_Handler
                0x00402c04                TC7_Handler
                0x00402c04                QSPI_Handler
                0x00402c04                ISI_Handler
                0x00402c04                TC9_Handler
                0x00402c04                RSWDT_Handler
                0x00402c04                MCAN1_Handler
                0x00402c04                USART0_Handler
                0x00402c04                USBHS_Handler
                0x00402c04                RTC_Handler
                0x00402c04                UsageFault_Handler
                0x00402c04                TC6_Handler
                0x00402c04                WDT_Handler
                0x00402c04                TC4_Handler
                0x00402c04                HSMCI_Handler
                0x00402c04                UART1_Handler
                0x00402c04                TC3_Handler
                0x00402c04                Dummy_Handler
                0x00402c04                TWIHS1_Handler
                0x00402c04                XDMAC_Handler
                0x00402c04                UART4_Handler
                0x00402c04                PWM1_Handler
                0x00402c04                USART1_Handler
                0x00402c04                PWM0_Handler
                0x00402c04                AFEC0_Handler
                0x00402c04                TC11_Handler
                0x00402c04                SSC_Handler
                0x00402c04                ACC_Handler
                0x00402c04                PMC_Handler
                0x00402c04                GMAC_Handler
                0x00402c04                MemManage_Handler
                0x00402c04                SUPC_Handler
                0x00402c04                SVC_Handler
                0x00402c04                TC8_Handler
                0x00402c04                EFC_Handler
                0x00402c04                USART2_Handler
                0x00402c04                SDRAMC_Handler
                0x00402c04                SPI1_Handler
                0x00402c04                MCAN0_Handler
                0x00402c04                TC10_Handler
                0x00402c04                TWIHS2_Handler
                0x00402c04                UART0_Handler
                0x00402c04                BusFault_Handler
                0x00402c04                RSTC_Handler
                0x00402c04                TC5_Handler
                0x00402c04                AES_Handler
                0x00402c04                ICM_Handler
                0x00402c04                TWIHS0_Handler
                0x00402c04                SPI0_Handler
 *fill*         0x00402c0a        0x2 
 .text.SystemCoreClockUpdate
                0x00402c0c      0x168 src/ASF/sam/utils/cmsis/same70/source/templates/system_same70.o
                0x00402c0c                SystemCoreClockUpdate
 .text.system_init_flash
                0x00402d74       0xb0 src/ASF/sam/utils/cmsis/same70/source/templates/system_same70.o
                0x00402d74                system_init_flash
 .text.NVIC_EnableIRQ
                0x00402e24       0x34 src/main.o
 .text.NVIC_SetPriority
                0x00402e58       0x54 src/main.o
 .text.all_flags_zero
                0x00402eac       0x2c src/main.o
                0x00402eac                all_flags_zero
 .text.erase_oled
                0x00402ed8       0x2c src/main.o
                0x00402ed8                erase_oled
 .text.draw_oled
                0x00402f04       0x24 src/main.o
                0x00402f04                draw_oled
 .text.pin_toggle
                0x00402f28       0x40 src/main.o
                0x00402f28                pin_toggle
 .text.toggle_all
                0x00402f68       0x34 src/main.o
                0x00402f68                toggle_all
 .text.all_leds_on
                0x00402f9c       0x34 src/main.o
                0x00402f9c                all_leds_on
 .text.but1_callback
                0x00402fd0       0x18 src/main.o
                0x00402fd0                but1_callback
 .text.but2_callback
                0x00402fe8       0x18 src/main.o
                0x00402fe8                but2_callback
 .text.but3_callback
                0x00403000       0x18 src/main.o
                0x00403000                but3_callback
 .text.handle_passwd
                0x00403018       0xa4 src/main.o
                0x00403018                handle_passwd
 .text.check_passwd
                0x004030bc       0x62 src/main.o
                0x004030bc                check_passwd
 *fill*         0x0040311e        0x2 
 .text.RTT_Handler
                0x00403120       0x34 src/main.o
                0x00403120                RTT_Handler
 .text.TC0_Handler
                0x00403154       0x2c src/main.o
                0x00403154                TC0_Handler
 .text.TC1_Handler
                0x00403180       0x2c src/main.o
                0x00403180                TC1_Handler
 .text.io_init  0x004031ac      0x158 src/main.o
                0x004031ac                io_init
 .text.main     0x00403304      0x304 src/main.o
                0x00403304                main
 .text          0x00403608       0x30 c:/program files (x86)/7.0/toolchain/arm/arm-gnu-toolchain/bin/../lib/gcc/arm-none-eabi/6.3.1/thumb/v7e-m\libgcc.a(_aeabi_uldivmod.o)
                0x00403608                __aeabi_uldivmod
 .text          0x00403638      0x2dc c:/program files (x86)/7.0/toolchain/arm/arm-gnu-toolchain/bin/../lib/gcc/arm-none-eabi/6.3.1/thumb/v7e-m\libgcc.a(_udivmoddi4.o)
                0x00403638                __udivmoddi4
 .text          0x00403914        0x4 c:/program files (x86)/7.0/toolchain/arm/arm-gnu-toolchain/bin/../lib/gcc/arm-none-eabi/6.3.1/thumb/v7e-m\libgcc.a(_dvmd_tls.o)
                0x00403914                __aeabi_idiv0
                0x00403914                __aeabi_ldiv0
 .text.__libc_init_array
                0x00403918       0x50 c:/program files (x86)/7.0/toolchain/arm/arm-gnu-toolchain/bin/../lib/gcc/arm-none-eabi/6.3.1/../../../../arm-none-eabi/lib/thumb/v7e-m\libc.a(lib_a-init.o)
                0x00403918                __libc_init_array
 .text.startup.register_fini
                0x00403968       0x14 c:/program files (x86)/7.0/toolchain/arm/arm-gnu-toolchain/bin/../lib/gcc/arm-none-eabi/6.3.1/../../../../arm-none-eabi/lib/thumb/v7e-m\libc.a(lib_a-__call_atexit.o)
 .text.atexit   0x0040397c        0xc c:/program files (x86)/7.0/toolchain/arm/arm-gnu-toolchain/bin/../lib/gcc/arm-none-eabi/6.3.1/../../../../arm-none-eabi/lib/thumb/v7e-m\libc.a(lib_a-atexit.o)
                0x0040397c                atexit
 .text.__libc_fini_array
                0x00403988       0x34 c:/program files (x86)/7.0/toolchain/arm/arm-gnu-toolchain/bin/../lib/gcc/arm-none-eabi/6.3.1/../../../../arm-none-eabi/lib/thumb/v7e-m\libc.a(lib_a-fini.o)
                0x00403988                __libc_fini_array
 .text.__retarget_lock_acquire_recursive
                0x004039bc        0x4 c:/program files (x86)/7.0/toolchain/arm/arm-gnu-toolchain/bin/../lib/gcc/arm-none-eabi/6.3.1/../../../../arm-none-eabi/lib/thumb/v7e-m\libc.a(lib_a-lock.o)
                0x004039bc                __retarget_lock_acquire_recursive
 .text.__retarget_lock_release_recursive
                0x004039c0        0x4 c:/program files (x86)/7.0/toolchain/arm/arm-gnu-toolchain/bin/../lib/gcc/arm-none-eabi/6.3.1/../../../../arm-none-eabi/lib/thumb/v7e-m\libc.a(lib_a-lock.o)
                0x004039c0                __retarget_lock_release_recursive
 .text.__register_exitproc
                0x004039c4       0xc4 c:/program files (x86)/7.0/toolchain/arm/arm-gnu-toolchain/bin/../lib/gcc/arm-none-eabi/6.3.1/../../../../arm-none-eabi/lib/thumb/v7e-m\libc.a(lib_a-__atexit.o)
                0x004039c4                __register_exitproc
 *(.glue_7t)
 .glue_7t       0x00403a88        0x0 linker stubs
 *(.glue_7)
 .glue_7        0x00403a88        0x0 linker stubs
 *(.rodata .rodata* .gnu.linkonce.r.*)
 .rodata.sysfont_glyphs
                0x00403a88      0xa48 src/oled/sysfont.o
 .rodata        0x004044d0       0x3e src/main.o
 *fill*         0x0040450e        0x2 
 .rodata._global_impure_ptr
                0x00404510        0x4 c:/program files (x86)/7.0/toolchain/arm/arm-gnu-toolchain/bin/../lib/gcc/arm-none-eabi/6.3.1/../../../../arm-none-eabi/lib/thumb/v7e-m\libc.a(lib_a-impure.o)
                0x00404510                _global_impure_ptr
 *(.ARM.extab* .gnu.linkonce.armextab.*)
                0x00404514                . = ALIGN (0x4)
 *(.init)
 .init          0x00404514        0x4 c:/program files (x86)/7.0/toolchain/arm/arm-gnu-toolchain/bin/../lib/gcc/arm-none-eabi/6.3.1/thumb/v7e-m/crti.o
                0x00404514                _init
 .init          0x00404518        0x8 c:/program files (x86)/7.0/toolchain/arm/arm-gnu-toolchain/bin/../lib/gcc/arm-none-eabi/6.3.1/thumb/v7e-m/crtn.o
                0x00404520                . = ALIGN (0x4)
                0x00404520                __preinit_array_start = .
 *(.preinit_array)
                0x00404520                __preinit_array_end = .
                0x00404520                . = ALIGN (0x4)
                0x00404520                __init_array_start = .
 *(SORT(.init_array.*))
 .init_array.00000
                0x00404520        0x4 c:/program files (x86)/7.0/toolchain/arm/arm-gnu-toolchain/bin/../lib/gcc/arm-none-eabi/6.3.1/../../../../arm-none-eabi/lib/thumb/v7e-m\libc.a(lib_a-__call_atexit.o)
 *(.init_array)
 .init_array    0x00404524        0x4 c:/program files (x86)/7.0/toolchain/arm/arm-gnu-toolchain/bin/../lib/gcc/arm-none-eabi/6.3.1/thumb/v7e-m/crtbegin.o
                0x00404528                __init_array_end = .
                0x00404528                . = ALIGN (0x4)
 *crtbegin.o(.ctors)
 *(EXCLUDE_FILE(*crtend.o) .ctors)
 *(SORT(.ctors.*))
 *crtend.o(.ctors)
                0x00404528                . = ALIGN (0x4)
 *(.fini)
 .fini          0x00404528        0x4 c:/program files (x86)/7.0/toolchain/arm/arm-gnu-toolchain/bin/../lib/gcc/arm-none-eabi/6.3.1/thumb/v7e-m/crti.o
                0x00404528                _fini
 .fini          0x0040452c        0x8 c:/program files (x86)/7.0/toolchain/arm/arm-gnu-toolchain/bin/../lib/gcc/arm-none-eabi/6.3.1/thumb/v7e-m/crtn.o
                0x00404534                . = ALIGN (0x4)
                0x00404534                __fini_array_start = .
 *(.fini_array)
 .fini_array    0x00404534        0x4 c:/program files (x86)/7.0/toolchain/arm/arm-gnu-toolchain/bin/../lib/gcc/arm-none-eabi/6.3.1/thumb/v7e-m/crtbegin.o
 *(SORT(.fini_array.*))
                0x00404538                __fini_array_end = .
 *crtbegin.o(.dtors)
 *(EXCLUDE_FILE(*crtend.o) .dtors)
 *(SORT(.dtors.*))
 *crtend.o(.dtors)
                0x00404538                . = ALIGN (0x4)
                0x00404538                _efixed = .
                [!provide]                PROVIDE (__exidx_start, .)

.vfp11_veneer   0x00404538        0x0
 .vfp11_veneer  0x00404538        0x0 linker stubs

.v4_bx          0x00404538        0x0
 .v4_bx         0x00404538        0x0 linker stubs

.iplt           0x00404538        0x0
 .iplt          0x00404538        0x0 c:/program files (x86)/7.0/toolchain/arm/arm-gnu-toolchain/bin/../lib/gcc/arm-none-eabi/6.3.1/thumb/v7e-m/crtbegin.o

.ARM.exidx      0x00404538        0x8
 *(.ARM.exidx* .gnu.linkonce.armexidx.*)
 .ARM.exidx     0x00404538        0x8 c:/program files (x86)/7.0/toolchain/arm/arm-gnu-toolchain/bin/../lib/gcc/arm-none-eabi/6.3.1/thumb/v7e-m\libgcc.a(_udivmoddi4.o)
                [!provide]                PROVIDE (__exidx_end, .)

.eh_frame       0x00404540        0x0
 .eh_frame      0x00404540        0x0 c:/program files (x86)/7.0/toolchain/arm/arm-gnu-toolchain/bin/../lib/gcc/arm-none-eabi/6.3.1/thumb/v7e-m/crtbegin.o

.rel.dyn        0x00404540        0x0
 .rel.iplt      0x00404540        0x0 c:/program files (x86)/7.0/toolchain/arm/arm-gnu-toolchain/bin/../lib/gcc/arm-none-eabi/6.3.1/thumb/v7e-m/crtbegin.o

.jcr            0x00404540        0x0
 .jcr           0x00404540        0x0 c:/program files (x86)/7.0/toolchain/arm/arm-gnu-toolchain/bin/../lib/gcc/arm-none-eabi/6.3.1/thumb/v7e-m/crtbegin.o

.igot.plt       0x00404540        0x0
 .igot.plt      0x00404540        0x0 c:/program files (x86)/7.0/toolchain/arm/arm-gnu-toolchain/bin/../lib/gcc/arm-none-eabi/6.3.1/thumb/v7e-m/crtbegin.o
                0x00404540                . = ALIGN (0x4)
                0x00404540                _etext = .

.relocate       0x20400000      0x44c load address 0x00404540
                0x20400000                . = ALIGN (0x4)
                0x20400000                _srelocate = .
 *(.ramfunc .ramfunc.*)
 .ramfunc       0x20400000        0xa src/ASF/common/services/delay/sam/cycle_counter.o
                0x20400000                portable_delay_cycles
 *(.data .data.*)
 *fill*         0x2040000a        0x2 
 .data.sysfont  0x2040000c        0xc src/oled/sysfont.o
                0x2040000c                sysfont
 .data.g_interrupt_enabled
                0x20400018        0x1 src/ASF/common/utils/interrupt/interrupt_sam_nvic.o
                0x20400018                g_interrupt_enabled
 *fill*         0x20400019        0x3 
 .data.SystemCoreClock
                0x2040001c        0x4 src/ASF/sam/utils/cmsis/same70/source/templates/system_same70.o
                0x2040001c                SystemCoreClock
 .data.impure_data
                0x20400020      0x428 c:/program files (x86)/7.0/toolchain/arm/arm-gnu-toolchain/bin/../lib/gcc/arm-none-eabi/6.3.1/../../../../arm-none-eabi/lib/thumb/v7e-m\libc.a(lib_a-impure.o)
 .data.__atexit_recursive_mutex
                0x20400448        0x4 c:/program files (x86)/7.0/toolchain/arm/arm-gnu-toolchain/bin/../lib/gcc/arm-none-eabi/6.3.1/../../../../arm-none-eabi/lib/thumb/v7e-m\libc.a(lib_a-__call_atexit.o)
                0x20400448                __atexit_recursive_mutex
                0x2040044c                . = ALIGN (0x4)
                0x2040044c                _erelocate = .

.bss            0x2040044c      0x2c0 load address 0x0040498c
                0x2040044c                . = ALIGN (0x4)
                0x2040044c                _sbss = .
                0x2040044c                _szero = .
 *(.bss .bss.*)
 .bss           0x2040044c       0x1c c:/program files (x86)/7.0/toolchain/arm/arm-gnu-toolchain/bin/../lib/gcc/arm-none-eabi/6.3.1/thumb/v7e-m/crtbegin.o
 .bss.g_wobits_in_rtt_mr
                0x20400468        0x4 src/ASF/sam/drivers/rtt/rtt.o
 .bss.fbpointer
                0x2040046c        0x4 src/oled/gfx_mono_framebuffer.o
 .bss.framebuffer
                0x20400470      0x200 src/oled/gfx_mono_ug_2832hsweg04.o
 .bss.gs_interrupt_sources
                0x20400670       0x70 src/ASF/sam/drivers/pio/pio_handler.o
 .bss.gs_ul_nb_sources
                0x204006e0        0x4 src/ASF/sam/drivers/pio/pio_handler.o
 .bss.alarm_rtt
                0x204006e4        0x1 src/main.o
                0x204006e4                alarm_rtt
 *(COMMON)
 COMMON         0x204006e5        0x3 src/main.o
                0x204006e5                but1_flag
                0x204006e6                but3_flag
                0x204006e7                but2_flag
 COMMON         0x204006e8       0x21 c:/program files (x86)/7.0/toolchain/arm/arm-gnu-toolchain/bin/../lib/gcc/arm-none-eabi/6.3.1/../../../../arm-none-eabi/lib/thumb/v7e-m\libc.a(lib_a-lock.o)
                0x204006e8                __lock___atexit_recursive_mutex
                0x204006ec                __lock___arc4random_mutex
                0x204006f0                __lock___env_recursive_mutex
                0x204006f4                __lock___sinit_recursive_mutex
                0x204006f8                __lock___malloc_recursive_mutex
                0x204006fc                __lock___at_quick_exit_mutex
                0x20400700                __lock___dd_hash_mutex
                0x20400704                __lock___tz_mutex
                0x20400708                __lock___sfp_recursive_mutex
                0x2040070c                . = ALIGN (0x4)
 *fill*         0x20400709        0x3 
                0x2040070c                _ebss = .
                0x2040070c                _ezero = .

.stack          0x2040070c     0x2004 load address 0x00404c4c
                0x20400710                . = ALIGN (0x8)
 *fill*         0x2040070c        0x4 
                0x20400710                _sstack = .
                0x20402710                . = (. + STACK_SIZE)
 *fill*         0x20400710     0x2000 
                0x20402710                . = ALIGN (0x8)
                0x20402710                _estack = .

.heap           0x20402710      0x200 load address 0x00406c50
                0x20402710                . = ALIGN (0x8)
                0x20402710                _sheap = .
                0x20402910                . = (. + HEAP_SIZE)
 *fill*         0x20402710      0x200 
                0x20402910                . = ALIGN (0x8)
                0x20402910                _eheap = .
                0x20402910                . = ALIGN (0x4)
                0x20402910                _end = .
                0x2045ffff                _ram_end_ = ((ORIGIN (ram) + LENGTH (ram)) - 0x1)
OUTPUT(OLED1.elf elf32-littlearm)

.ARM.attributes
                0x00000000       0x2e
 .ARM.attributes
                0x00000000       0x1e c:/program files (x86)/7.0/toolchain/arm/arm-gnu-toolchain/bin/../lib/gcc/arm-none-eabi/6.3.1/thumb/v7e-m/crti.o
 .ARM.attributes
                0x0000001e       0x2e c:/program files (x86)/7.0/toolchain/arm/arm-gnu-toolchain/bin/../lib/gcc/arm-none-eabi/6.3.1/thumb/v7e-m/crtbegin.o
 .ARM.attributes
                0x0000004c       0x37 src/ASF/sam/drivers/rtt/rtt.o
 .ARM.attributes
                0x00000083       0x37 src/ASF/sam/drivers/spi/spi.o
 .ARM.attributes
                0x000000ba       0x37 src/ASF/sam/drivers/tc/tc.o
 .ARM.attributes
                0x000000f1       0x37 src/helpers.o
 .ARM.attributes
                0x00000128       0x37 src/oled/gfx_mono_framebuffer.o
 .ARM.attributes
                0x0000015f       0x37 src/oled/gfx_mono_generic.o
 .ARM.attributes
                0x00000196       0x37 src/oled/gfx_mono_text.o
 .ARM.attributes
                0x000001cd       0x37 src/oled/gfx_mono_ug_2832hsweg04.o
 .ARM.attributes
                0x00000204       0x37 src/oled/ssd1306.o
 .ARM.attributes
                0x0000023b       0x37 src/oled/sysfont.o
 .ARM.attributes
                0x00000272       0x37 src/ASF/common/services/delay/sam/cycle_counter.o
 .ARM.attributes
                0x000002a9       0x37 src/ASF/common/services/clock/same70/sysclk.o
 .ARM.attributes
                0x000002e0       0x37 src/ASF/common/utils/interrupt/interrupt_sam_nvic.o
 .ARM.attributes
                0x00000317       0x37 src/ASF/sam/boards/same70_xplained/init.o
 .ARM.attributes
                0x0000034e       0x37 src/ASF/sam/drivers/pio/pio.o
 .ARM.attributes
                0x00000385       0x37 src/ASF/sam/drivers/pio/pio_handler.o
 .ARM.attributes
                0x000003bc       0x37 src/ASF/sam/drivers/pmc/pmc.o
 .ARM.attributes
                0x000003f3       0x37 src/ASF/sam/utils/cmsis/same70/source/templates/gcc/startup_same70.o
 .ARM.attributes
                0x0000042a       0x37 src/ASF/sam/utils/cmsis/same70/source/templates/system_same70.o
 .ARM.attributes
                0x00000461       0x37 src/main.o
 .ARM.attributes
                0x00000498       0x1e c:/program files (x86)/7.0/toolchain/arm/arm-gnu-toolchain/bin/../lib/gcc/arm-none-eabi/6.3.1/thumb/v7e-m\libgcc.a(_aeabi_uldivmod.o)
 .ARM.attributes
                0x000004b6       0x2e c:/program files (x86)/7.0/toolchain/arm/arm-gnu-toolchain/bin/../lib/gcc/arm-none-eabi/6.3.1/thumb/v7e-m\libgcc.a(_udivmoddi4.o)
 .ARM.attributes
                0x000004e4       0x1e c:/program files (x86)/7.0/toolchain/arm/arm-gnu-toolchain/bin/../lib/gcc/arm-none-eabi/6.3.1/thumb/v7e-m\libgcc.a(_dvmd_tls.o)
 .ARM.attributes
                0x00000502       0x2e c:/program files (x86)/7.0/toolchain/arm/arm-gnu-toolchain/bin/../lib/gcc/arm-none-eabi/6.3.1/../../../../arm-none-eabi/lib/thumb/v7e-m\libc.a(lib_a-impure.o)
 .ARM.attributes
                0x00000530       0x2e c:/program files (x86)/7.0/toolchain/arm/arm-gnu-toolchain/bin/../lib/gcc/arm-none-eabi/6.3.1/../../../../arm-none-eabi/lib/thumb/v7e-m\libc.a(lib_a-init.o)
 .ARM.attributes
                0x0000055e       0x2e c:/program files (x86)/7.0/toolchain/arm/arm-gnu-toolchain/bin/../lib/gcc/arm-none-eabi/6.3.1/../../../../arm-none-eabi/lib/thumb/v7e-m\libc.a(lib_a-__call_atexit.o)
 .ARM.attributes
                0x0000058c       0x2e c:/program files (x86)/7.0/toolchain/arm/arm-gnu-toolchain/bin/../lib/gcc/arm-none-eabi/6.3.1/../../../../arm-none-eabi/lib/thumb/v7e-m\libc.a(lib_a-atexit.o)
 .ARM.attributes
                0x000005ba       0x2e c:/program files (x86)/7.0/toolchain/arm/arm-gnu-toolchain/bin/../lib/gcc/arm-none-eabi/6.3.1/../../../../arm-none-eabi/lib/thumb/v7e-m\libc.a(lib_a-fini.o)
 .ARM.attributes
                0x000005e8       0x2e c:/program files (x86)/7.0/toolchain/arm/arm-gnu-toolchain/bin/../lib/gcc/arm-none-eabi/6.3.1/../../../../arm-none-eabi/lib/thumb/v7e-m\libc.a(lib_a-lock.o)
 .ARM.attributes
                0x00000616       0x2e c:/program files (x86)/7.0/toolchain/arm/arm-gnu-toolchain/bin/../lib/gcc/arm-none-eabi/6.3.1/../../../../arm-none-eabi/lib/thumb/v7e-m\libc.a(lib_a-__atexit.o)
 .ARM.attributes
                0x00000644       0x1e c:/program files (x86)/7.0/toolchain/arm/arm-gnu-toolchain/bin/../lib/gcc/arm-none-eabi/6.3.1/thumb/v7e-m/crtn.o

.comment        0x00000000       0x59
 .comment       0x00000000       0x59 src/ASF/sam/drivers/rtt/rtt.o
                                 0x5a (size before relaxing)
 .comment       0x00000059       0x5a src/ASF/sam/drivers/spi/spi.o
 .comment       0x00000059       0x5a src/ASF/sam/drivers/tc/tc.o
 .comment       0x00000059       0x5a src/helpers.o
 .comment       0x00000059       0x5a src/oled/gfx_mono_framebuffer.o
 .comment       0x00000059       0x5a src/oled/gfx_mono_generic.o
 .comment       0x00000059       0x5a src/oled/gfx_mono_text.o
 .comment       0x00000059       0x5a src/oled/gfx_mono_ug_2832hsweg04.o
 .comment       0x00000059       0x5a src/oled/ssd1306.o
 .comment       0x00000059       0x5a src/oled/sysfont.o
 .comment       0x00000059       0x5a src/ASF/common/services/delay/sam/cycle_counter.o
 .comment       0x00000059       0x5a src/ASF/common/services/clock/same70/sysclk.o
 .comment       0x00000059       0x5a src/ASF/common/utils/interrupt/interrupt_sam_nvic.o
 .comment       0x00000059       0x5a src/ASF/sam/boards/same70_xplained/init.o
 .comment       0x00000059       0x5a src/ASF/sam/drivers/pio/pio.o
 .comment       0x00000059       0x5a src/ASF/sam/drivers/pio/pio_handler.o
 .comment       0x00000059       0x5a src/ASF/sam/drivers/pmc/pmc.o
 .comment       0x00000059       0x5a src/ASF/sam/utils/cmsis/same70/source/templates/gcc/startup_same70.o
 .comment       0x00000059       0x5a src/ASF/sam/utils/cmsis/same70/source/templates/system_same70.o
 .comment       0x00000059       0x5a src/main.o

.debug_info     0x00000000    0x18702
 .debug_info    0x00000000      0xcaf src/ASF/sam/drivers/rtt/rtt.o
 .debug_info    0x00000caf     0x10ff src/ASF/sam/drivers/spi/spi.o
 .debug_info    0x00001dae     0x1249 src/ASF/sam/drivers/tc/tc.o
 .debug_info    0x00002ff7     0x1ecc src/helpers.o
 .debug_info    0x00004ec3      0xd75 src/oled/gfx_mono_framebuffer.o
 .debug_info    0x00005c38     0x114a src/oled/gfx_mono_generic.o
 .debug_info    0x00006d82      0xeb8 src/oled/gfx_mono_text.o
 .debug_info    0x00007c3a      0xf32 src/oled/gfx_mono_ug_2832hsweg04.o
 .debug_info    0x00008b6c     0x1c29 src/oled/ssd1306.o
 .debug_info    0x0000a795      0xb06 src/oled/sysfont.o
 .debug_info    0x0000b29b      0xa45 src/ASF/common/services/delay/sam/cycle_counter.o
 .debug_info    0x0000bce0     0x12d4 src/ASF/common/services/clock/same70/sysclk.o
 .debug_info    0x0000cfb4      0xb06 src/ASF/common/utils/interrupt/interrupt_sam_nvic.o
 .debug_info    0x0000daba     0x1c75 src/ASF/sam/boards/same70_xplained/init.o
 .debug_info    0x0000f72f     0x1cbf src/ASF/sam/drivers/pio/pio.o
 .debug_info    0x000113ee     0x1a18 src/ASF/sam/drivers/pio/pio_handler.o
 .debug_info    0x00012e06     0x1df9 src/ASF/sam/drivers/pmc/pmc.o
 .debug_info    0x00014bff     0x157c src/ASF/sam/utils/cmsis/same70/source/templates/gcc/startup_same70.o
 .debug_info    0x0001617b      0x55f src/ASF/sam/utils/cmsis/same70/source/templates/system_same70.o
 .debug_info    0x000166da     0x2028 src/main.o

.debug_abbrev   0x00000000     0x32b6
 .debug_abbrev  0x00000000      0x203 src/ASF/sam/drivers/rtt/rtt.o
 .debug_abbrev  0x00000203      0x2c2 src/ASF/sam/drivers/spi/spi.o
 .debug_abbrev  0x000004c5      0x24a src/ASF/sam/drivers/tc/tc.o
 .debug_abbrev  0x0000070f      0x2ca src/helpers.o
 .debug_abbrev  0x000009d9      0x217 src/oled/gfx_mono_framebuffer.o
 .debug_abbrev  0x00000bf0      0x26b src/oled/gfx_mono_generic.o
 .debug_abbrev  0x00000e5b      0x281 src/oled/gfx_mono_text.o
 .debug_abbrev  0x000010dc      0x2b6 src/oled/gfx_mono_ug_2832hsweg04.o
 .debug_abbrev  0x00001392      0x3de src/oled/ssd1306.o
 .debug_abbrev  0x00001770      0x1b6 src/oled/sysfont.o
 .debug_abbrev  0x00001926      0x1b3 src/ASF/common/services/delay/sam/cycle_counter.o
 .debug_abbrev  0x00001ad9      0x296 src/ASF/common/services/clock/same70/sysclk.o
 .debug_abbrev  0x00001d6f      0x214 src/ASF/common/utils/interrupt/interrupt_sam_nvic.o
 .debug_abbrev  0x00001f83      0x3eb src/ASF/sam/boards/same70_xplained/init.o
 .debug_abbrev  0x0000236e      0x296 src/ASF/sam/drivers/pio/pio.o
 .debug_abbrev  0x00002604      0x2c9 src/ASF/sam/drivers/pio/pio_handler.o
 .debug_abbrev  0x000028cd      0x2c5 src/ASF/sam/drivers/pmc/pmc.o
 .debug_abbrev  0x00002b92      0x2e8 src/ASF/sam/utils/cmsis/same70/source/templates/gcc/startup_same70.o
 .debug_abbrev  0x00002e7a      0x102 src/ASF/sam/utils/cmsis/same70/source/templates/system_same70.o
 .debug_abbrev  0x00002f7c      0x33a src/main.o

.debug_loc      0x00000000     0x630a
 .debug_loc     0x00000000      0x330 src/ASF/sam/drivers/rtt/rtt.o
 .debug_loc     0x00000330      0x630 src/ASF/sam/drivers/spi/spi.o
 .debug_loc     0x00000960      0x844 src/ASF/sam/drivers/tc/tc.o
 .debug_loc     0x000011a4      0x3b4 src/helpers.o
 .debug_loc     0x00001558      0x2bc src/oled/gfx_mono_framebuffer.o
 .debug_loc     0x00001814      0x280 src/oled/gfx_mono_generic.o
 .debug_loc     0x00001a94      0x1f8 src/oled/gfx_mono_text.o
 .debug_loc     0x00001c8c      0x3c0 src/oled/gfx_mono_ug_2832hsweg04.o
 .debug_loc     0x0000204c      0x6e8 src/oled/ssd1306.o
 .debug_loc     0x00002734      0x4a0 src/ASF/common/services/clock/same70/sysclk.o
 .debug_loc     0x00002bd4       0xa0 src/ASF/common/utils/interrupt/interrupt_sam_nvic.o
 .debug_loc     0x00002c74      0x2fc src/ASF/sam/boards/same70_xplained/init.o
 .debug_loc     0x00002f70     0x1174 src/ASF/sam/drivers/pio/pio.o
 .debug_loc     0x000040e4      0x38c src/ASF/sam/drivers/pio/pio_handler.o
 .debug_loc     0x00004470     0x172c src/ASF/sam/drivers/pmc/pmc.o
 .debug_loc     0x00005b9c      0x16c src/ASF/sam/utils/cmsis/same70/source/templates/gcc/startup_same70.o
 .debug_loc     0x00005d08       0xe4 src/ASF/sam/utils/cmsis/same70/source/templates/system_same70.o
 .debug_loc     0x00005dec      0x51e src/main.o

.debug_aranges  0x00000000      0xb80
 .debug_aranges
                0x00000000       0x60 src/ASF/sam/drivers/rtt/rtt.o
 .debug_aranges
                0x00000060       0xa8 src/ASF/sam/drivers/spi/spi.o
 .debug_aranges
                0x00000108       0xd0 src/ASF/sam/drivers/tc/tc.o
 .debug_aranges
                0x000001d8       0x78 src/helpers.o
 .debug_aranges
                0x00000250       0x58 src/oled/gfx_mono_framebuffer.o
 .debug_aranges
                0x000002a8       0x58 src/oled/gfx_mono_generic.o
 .debug_aranges
                0x00000300       0x48 src/oled/gfx_mono_text.o
 .debug_aranges
                0x00000348       0x78 src/oled/gfx_mono_ug_2832hsweg04.o
 .debug_aranges
                0x000003c0       0xd0 src/oled/ssd1306.o
 .debug_aranges
                0x00000490       0x18 src/oled/sysfont.o
 .debug_aranges
                0x000004a8       0x20 src/ASF/common/services/delay/sam/cycle_counter.o
 .debug_aranges
                0x000004c8       0x98 src/ASF/common/services/clock/same70/sysclk.o
 .debug_aranges
                0x00000560       0x28 src/ASF/common/utils/interrupt/interrupt_sam_nvic.o
 .debug_aranges
                0x00000588       0x68 src/ASF/sam/boards/same70_xplained/init.o
 .debug_aranges
                0x000005f0      0x1a8 src/ASF/sam/drivers/pio/pio.o
 .debug_aranges
                0x00000798       0x80 src/ASF/sam/drivers/pio/pio_handler.o
 .debug_aranges
                0x00000818      0x250 src/ASF/sam/drivers/pmc/pmc.o
 .debug_aranges
                0x00000a68       0x40 src/ASF/sam/utils/cmsis/same70/source/templates/gcc/startup_same70.o
 .debug_aranges
                0x00000aa8       0x30 src/ASF/sam/utils/cmsis/same70/source/templates/system_same70.o
 .debug_aranges
                0x00000ad8       0xa8 src/main.o

.debug_ranges   0x00000000      0xb10
 .debug_ranges  0x00000000       0x50 src/ASF/sam/drivers/rtt/rtt.o
 .debug_ranges  0x00000050       0x98 src/ASF/sam/drivers/spi/spi.o
 .debug_ranges  0x000000e8       0xc0 src/ASF/sam/drivers/tc/tc.o
 .debug_ranges  0x000001a8       0x68 src/helpers.o
 .debug_ranges  0x00000210       0x48 src/oled/gfx_mono_framebuffer.o
 .debug_ranges  0x00000258       0x48 src/oled/gfx_mono_generic.o
 .debug_ranges  0x000002a0       0x38 src/oled/gfx_mono_text.o
 .debug_ranges  0x000002d8       0x68 src/oled/gfx_mono_ug_2832hsweg04.o
 .debug_ranges  0x00000340      0x108 src/oled/ssd1306.o
 .debug_ranges  0x00000448       0x10 src/ASF/common/services/delay/sam/cycle_counter.o
 .debug_ranges  0x00000458       0x88 src/ASF/common/services/clock/same70/sysclk.o
 .debug_ranges  0x000004e0       0x18 src/ASF/common/utils/interrupt/interrupt_sam_nvic.o
 .debug_ranges  0x000004f8       0xd0 src/ASF/sam/boards/same70_xplained/init.o
 .debug_ranges  0x000005c8      0x198 src/ASF/sam/drivers/pio/pio.o
 .debug_ranges  0x00000760       0x70 src/ASF/sam/drivers/pio/pio_handler.o
 .debug_ranges  0x000007d0      0x240 src/ASF/sam/drivers/pmc/pmc.o
 .debug_ranges  0x00000a10       0x30 src/ASF/sam/utils/cmsis/same70/source/templates/gcc/startup_same70.o
 .debug_ranges  0x00000a40       0x20 src/ASF/sam/utils/cmsis/same70/source/templates/system_same70.o
 .debug_ranges  0x00000a60       0xb0 src/main.o

.debug_macro    0x00000000     0xa6b4
 .debug_macro   0x00000000      0x660 src/ASF/sam/drivers/rtt/rtt.o
 .debug_macro   0x00000660      0x6d9 src/ASF/sam/drivers/spi/spi.o
 .debug_macro   0x00000d39       0x10 src/ASF/sam/drivers/spi/spi.o
 .debug_macro   0x00000d49       0x3a src/ASF/sam/drivers/spi/spi.o
 .debug_macro   0x00000d83      0x2c6 src/ASF/sam/drivers/spi/spi.o
 .debug_macro   0x00001049      0xa96 src/ASF/sam/drivers/spi/spi.o
 .debug_macro   0x00001adf       0x70 src/ASF/sam/drivers/spi/spi.o
 .debug_macro   0x00001b4f       0x64 src/ASF/sam/drivers/spi/spi.o
 .debug_macro   0x00001bb3       0x5f src/ASF/sam/drivers/spi/spi.o
 .debug_macro   0x00001c12       0xac src/ASF/sam/drivers/spi/spi.o
 .debug_macro   0x00001cbe      0x66d src/ASF/sam/drivers/tc/tc.o
 .debug_macro   0x0000232b       0x52 src/ASF/sam/drivers/tc/tc.o
 .debug_macro   0x0000237d       0x8d src/ASF/sam/drivers/tc/tc.o
 .debug_macro   0x0000240a       0x16 src/ASF/sam/drivers/tc/tc.o
 .debug_macro   0x00002420       0x57 src/ASF/sam/drivers/tc/tc.o
 .debug_macro   0x00002477       0x1c src/ASF/sam/drivers/tc/tc.o
 .debug_macro   0x00002493      0x799 src/helpers.o
 .debug_macro   0x00002c2c       0x50 src/helpers.o
 .debug_macro   0x00002c7c       0x28 src/helpers.o
 .debug_macro   0x00002ca4       0x23 src/helpers.o
 .debug_macro   0x00002cc7       0x94 src/helpers.o
 .debug_macro   0x00002d5b       0x40 src/helpers.o
 .debug_macro   0x00002d9b       0x88 src/helpers.o
 .debug_macro   0x00002e23      0x1ce src/helpers.o
 .debug_macro   0x00002ff1       0x34 src/helpers.o
 .debug_macro   0x00003025       0x16 src/helpers.o
 .debug_macro   0x0000303b       0x1c src/helpers.o
 .debug_macro   0x00003057       0x16 src/helpers.o
 .debug_macro   0x0000306d      0x7e6 src/oled/gfx_mono_framebuffer.o
 .debug_macro   0x00003853       0x22 src/oled/gfx_mono_framebuffer.o
 .debug_macro   0x00003875       0x7b src/oled/gfx_mono_framebuffer.o
 .debug_macro   0x000038f0       0x28 src/oled/gfx_mono_framebuffer.o
 .debug_macro   0x00003918       0xd1 src/oled/gfx_mono_framebuffer.o
 .debug_macro   0x000039e9       0x8b src/oled/gfx_mono_framebuffer.o
 .debug_macro   0x00003a74      0x7e6 src/oled/gfx_mono_generic.o
 .debug_macro   0x0000425a      0x7ff src/oled/gfx_mono_text.o
 .debug_macro   0x00004a59      0x7ea src/oled/gfx_mono_ug_2832hsweg04.o
 .debug_macro   0x00005243       0x28 src/oled/gfx_mono_ug_2832hsweg04.o
 .debug_macro   0x0000526b      0x7c0 src/oled/ssd1306.o
 .debug_macro   0x00005a2b      0x69c src/oled/sysfont.o
 .debug_macro   0x000060c7       0x3a src/oled/sysfont.o
 .debug_macro   0x00006101      0x665 src/ASF/common/services/delay/sam/cycle_counter.o
 .debug_macro   0x00006766       0x22 src/ASF/common/services/delay/sam/cycle_counter.o
 .debug_macro   0x00006788      0x6d1 src/ASF/common/services/clock/same70/sysclk.o
 .debug_macro   0x00006e59      0x2c0 src/ASF/common/services/clock/same70/sysclk.o
 .debug_macro   0x00007119      0x655 src/ASF/common/utils/interrupt/interrupt_sam_nvic.o
 .debug_macro   0x0000776e      0x70b src/ASF/sam/boards/same70_xplained/init.o
 .debug_macro   0x00007e79       0x82 src/ASF/sam/boards/same70_xplained/init.o
 .debug_macro   0x00007efb      0x66b src/ASF/sam/drivers/pio/pio.o
 .debug_macro   0x00008566       0x8e src/ASF/sam/drivers/pio/pio.o
 .debug_macro   0x000085f4      0x676 src/ASF/sam/drivers/pio/pio_handler.o
 .debug_macro   0x00008c6a      0x66b src/ASF/sam/drivers/pmc/pmc.o
 .debug_macro   0x000092d5       0x6a src/ASF/sam/drivers/pmc/pmc.o
 .debug_macro   0x0000933f      0x664 src/ASF/sam/utils/cmsis/same70/source/templates/gcc/startup_same70.o
 .debug_macro   0x000099a3       0x10 src/ASF/sam/utils/cmsis/same70/source/templates/gcc/startup_same70.o
 .debug_macro   0x000099b3      0x455 src/ASF/sam/utils/cmsis/same70/source/templates/system_same70.o
 .debug_macro   0x00009e08      0x8ac src/main.o

.debug_line     0x00000000     0xfde7
 .debug_line    0x00000000      0xa47 src/ASF/sam/drivers/rtt/rtt.o
 .debug_line    0x00000a47      0xc69 src/ASF/sam/drivers/spi/spi.o
 .debug_line    0x000016b0      0xb58 src/ASF/sam/drivers/tc/tc.o
 .debug_line    0x00002208      0xe5b src/helpers.o
 .debug_line    0x00003063      0xe62 src/oled/gfx_mono_framebuffer.o
 .debug_line    0x00003ec5      0xf27 src/oled/gfx_mono_generic.o
 .debug_line    0x00004dec      0xe85 src/oled/gfx_mono_text.o
 .debug_line    0x00005c71      0xf0f src/oled/gfx_mono_ug_2832hsweg04.o
 .debug_line    0x00006b80      0xfce src/oled/ssd1306.o
 .debug_line    0x00007b4e      0x9e7 src/oled/sysfont.o
 .debug_line    0x00008535      0x9b9 src/ASF/common/services/delay/sam/cycle_counter.o
 .debug_line    0x00008eee      0xc33 src/ASF/common/services/clock/same70/sysclk.o
 .debug_line    0x00009b21      0x9d5 src/ASF/common/utils/interrupt/interrupt_sam_nvic.o
 .debug_line    0x0000a4f6      0xd2f src/ASF/sam/boards/same70_xplained/init.o
 .debug_line    0x0000b225      0xde3 src/ASF/sam/drivers/pio/pio.o
 .debug_line    0x0000c008      0xae4 src/ASF/sam/drivers/pio/pio_handler.o
 .debug_line    0x0000caec     0x10a8 src/ASF/sam/drivers/pmc/pmc.o
 .debug_line    0x0000db94      0xa8c src/ASF/sam/utils/cmsis/same70/source/templates/gcc/startup_same70.o
 .debug_line    0x0000e620      0x7ec src/ASF/sam/utils/cmsis/same70/source/templates/system_same70.o
 .debug_line    0x0000ee0c      0xfdb src/main.o

.debug_str      0x00000000    0x8fdfa
 .debug_str     0x00000000    0x8198d src/ASF/sam/drivers/rtt/rtt.o
                              0x8200e (size before relaxing)
 .debug_str     0x0008198d     0x4610 src/ASF/sam/drivers/spi/spi.o
                              0x86523 (size before relaxing)
 .debug_str     0x00085f9d      0x348 src/ASF/sam/drivers/tc/tc.o
                              0x8226c (size before relaxing)
 .debug_str     0x000862e5     0x2303 src/helpers.o
                              0x886a4 (size before relaxing)
 .debug_str     0x000885e8     0x1198 src/oled/gfx_mono_framebuffer.o
                              0x88c1f (size before relaxing)
 .debug_str     0x00089780      0x255 src/oled/gfx_mono_generic.o
                              0x88d63 (size before relaxing)
 .debug_str     0x000899d5      0x1f0 src/oled/gfx_mono_text.o
                              0x88d3e (size before relaxing)
 .debug_str     0x00089bc5      0x11c src/oled/gfx_mono_ug_2832hsweg04.o
                              0x88cff (size before relaxing)
 .debug_str     0x00089ce1      0x2d0 src/oled/ssd1306.o
                              0x88937 (size before relaxing)
 .debug_str     0x00089fb1     0x3ee1 src/oled/sysfont.o
                              0x86155 (size before relaxing)
 .debug_str     0x0008de92       0x35 src/ASF/common/services/delay/sam/cycle_counter.o
                              0x82089 (size before relaxing)
 .debug_str     0x0008dec7      0x44d src/ASF/common/services/clock/same70/sysclk.o
                              0x8660a (size before relaxing)
 .debug_str     0x0008e314       0x94 src/ASF/common/utils/interrupt/interrupt_sam_nvic.o
                              0x81f59 (size before relaxing)
 .debug_str     0x0008e3a8      0x3a5 src/ASF/sam/boards/same70_xplained/init.o
                              0x87097 (size before relaxing)
 .debug_str     0x0008e74d      0x505 src/ASF/sam/drivers/pio/pio.o
                              0x82aaf (size before relaxing)
 .debug_str     0x0008ec52       0xe7 src/ASF/sam/drivers/pio/pio_handler.o
                              0x82bd1 (size before relaxing)
 .debug_str     0x0008ed39      0x62b src/ASF/sam/drivers/pmc/pmc.o
                              0x82c13 (size before relaxing)
 .debug_str     0x0008f364      0x64c src/ASF/sam/utils/cmsis/same70/source/templates/gcc/startup_same70.o
                              0x82726 (size before relaxing)
 .debug_str     0x0008f9b0      0x137 src/ASF/sam/utils/cmsis/same70/source/templates/system_same70.o
                              0x72832 (size before relaxing)
 .debug_str     0x0008fae7      0x313 src/main.o
                              0x8d620 (size before relaxing)

.debug_frame    0x00000000     0x308c
 .debug_frame   0x00000000      0x174 src/ASF/sam/drivers/rtt/rtt.o
 .debug_frame   0x00000174      0x2c8 src/ASF/sam/drivers/spi/spi.o
 .debug_frame   0x0000043c      0x3a8 src/ASF/sam/drivers/tc/tc.o
 .debug_frame   0x000007e4      0x1d4 src/helpers.o
 .debug_frame   0x000009b8      0x148 src/oled/gfx_mono_framebuffer.o
 .debug_frame   0x00000b00      0x150 src/oled/gfx_mono_generic.o
 .debug_frame   0x00000c50       0xfc src/oled/gfx_mono_text.o
 .debug_frame   0x00000d4c      0x1dc src/oled/gfx_mono_ug_2832hsweg04.o
 .debug_frame   0x00000f28      0x360 src/oled/ssd1306.o
 .debug_frame   0x00001288       0x20 src/ASF/common/services/delay/sam/cycle_counter.o
 .debug_frame   0x000012a8      0x240 src/ASF/common/services/clock/same70/sysclk.o
 .debug_frame   0x000014e8       0x58 src/ASF/common/utils/interrupt/interrupt_sam_nvic.o
 .debug_frame   0x00001540      0x174 src/ASF/sam/boards/same70_xplained/init.o
 .debug_frame   0x000016b4      0x7c0 src/ASF/sam/drivers/pio/pio.o
 .debug_frame   0x00001e74      0x1d0 src/ASF/sam/drivers/pio/pio_handler.o
 .debug_frame   0x00002044      0xa60 src/ASF/sam/drivers/pmc/pmc.o
 .debug_frame   0x00002aa4       0xbc src/ASF/sam/utils/cmsis/same70/source/templates/gcc/startup_same70.o
 .debug_frame   0x00002b60       0x78 src/ASF/sam/utils/cmsis/same70/source/templates/system_same70.o
 .debug_frame   0x00002bd8      0x294 src/main.o
 .debug_frame   0x00002e6c       0x2c c:/program files (x86)/7.0/toolchain/arm/arm-gnu-toolchain/bin/../lib/gcc/arm-none-eabi/6.3.1/thumb/v7e-m\libgcc.a(_aeabi_uldivmod.o)
 .debug_frame   0x00002e98       0x34 c:/program files (x86)/7.0/toolchain/arm/arm-gnu-toolchain/bin/../lib/gcc/arm-none-eabi/6.3.1/thumb/v7e-m\libgcc.a(_udivmoddi4.o)
 .debug_frame   0x00002ecc       0x2c c:/program files (x86)/7.0/toolchain/arm/arm-gnu-toolchain/bin/../lib/gcc/arm-none-eabi/6.3.1/../../../../arm-none-eabi/lib/thumb/v7e-m\libc.a(lib_a-init.o)
 .debug_frame   0x00002ef8       0x5c c:/program files (x86)/7.0/toolchain/arm/arm-gnu-toolchain/bin/../lib/gcc/arm-none-eabi/6.3.1/../../../../arm-none-eabi/lib/thumb/v7e-m\libc.a(lib_a-__call_atexit.o)
 .debug_frame   0x00002f54       0x20 c:/program files (x86)/7.0/toolchain/arm/arm-gnu-toolchain/bin/../lib/gcc/arm-none-eabi/6.3.1/../../../../arm-none-eabi/lib/thumb/v7e-m\libc.a(lib_a-atexit.o)
 .debug_frame   0x00002f74       0x34 c:/program files (x86)/7.0/toolchain/arm/arm-gnu-toolchain/bin/../lib/gcc/arm-none-eabi/6.3.1/../../../../arm-none-eabi/lib/thumb/v7e-m\libc.a(lib_a-fini.o)
 .debug_frame   0x00002fa8       0xb0 c:/program files (x86)/7.0/toolchain/arm/arm-gnu-toolchain/bin/../lib/gcc/arm-none-eabi/6.3.1/../../../../arm-none-eabi/lib/thumb/v7e-m\libc.a(lib_a-lock.o)
 .debug_frame   0x00003058       0x34 c:/program files (x86)/7.0/toolchain/arm/arm-gnu-toolchain/bin/../lib/gcc/arm-none-eabi/6.3.1/../../../../arm-none-eabi/lib/thumb/v7e-m\libc.a(lib_a-__atexit.o)

Cross Reference Table

Symbol                                            File
ACC_Handler                                       src/ASF/sam/utils/cmsis/same70/source/templates/gcc/startup_same70.o
AES_Handler                                       src/ASF/sam/utils/cmsis/same70/source/templates/gcc/startup_same70.o
AFEC0_Handler                                     src/ASF/sam/utils/cmsis/same70/source/templates/gcc/startup_same70.o
AFEC1_Handler                                     src/ASF/sam/utils/cmsis/same70/source/templates/gcc/startup_same70.o
BusFault_Handler                                  src/ASF/sam/utils/cmsis/same70/source/templates/gcc/startup_same70.o
DACC_Handler                                      src/ASF/sam/utils/cmsis/same70/source/templates/gcc/startup_same70.o
DebugMon_Handler                                  src/ASF/sam/utils/cmsis/same70/source/templates/gcc/startup_same70.o
Dummy_Handler                                     src/ASF/sam/utils/cmsis/same70/source/templates/gcc/startup_same70.o
EFC_Handler                                       src/ASF/sam/utils/cmsis/same70/source/templates/gcc/startup_same70.o
GMAC_Handler                                      src/ASF/sam/utils/cmsis/same70/source/templates/gcc/startup_same70.o
HSMCI_Handler                                     src/ASF/sam/utils/cmsis/same70/source/templates/gcc/startup_same70.o
HardFault_Handler                                 src/ASF/sam/utils/cmsis/same70/source/templates/gcc/startup_same70.o
ICM_Handler                                       src/ASF/sam/utils/cmsis/same70/source/templates/gcc/startup_same70.o
ISI_Handler                                       src/ASF/sam/utils/cmsis/same70/source/templates/gcc/startup_same70.o
MCAN0_Handler                                     src/ASF/sam/utils/cmsis/same70/source/templates/gcc/startup_same70.o
MCAN1_Handler                                     src/ASF/sam/utils/cmsis/same70/source/templates/gcc/startup_same70.o
MemManage_Handler                                 src/ASF/sam/utils/cmsis/same70/source/templates/gcc/startup_same70.o
NMI_Handler                                       src/ASF/sam/utils/cmsis/same70/source/templates/gcc/startup_same70.o
PIOA_Handler                                      src/ASF/sam/drivers/pio/pio_handler.o
PIOB_Handler                                      src/ASF/sam/drivers/pio/pio_handler.o
PIOC_Handler                                      src/ASF/sam/drivers/pio/pio_handler.o
PIOD_Handler                                      src/ASF/sam/drivers/pio/pio_handler.o
PIOE_Handler                                      src/ASF/sam/drivers/pio/pio_handler.o
PMC_Handler                                       src/ASF/sam/utils/cmsis/same70/source/templates/gcc/startup_same70.o
PWM0_Handler                                      src/ASF/sam/utils/cmsis/same70/source/templates/gcc/startup_same70.o
PWM1_Handler                                      src/ASF/sam/utils/cmsis/same70/source/templates/gcc/startup_same70.o
PendSV_Handler                                    src/ASF/sam/utils/cmsis/same70/source/templates/gcc/startup_same70.o
QSPI_Handler                                      src/ASF/sam/utils/cmsis/same70/source/templates/gcc/startup_same70.o
RSTC_Handler                                      src/ASF/sam/utils/cmsis/same70/source/templates/gcc/startup_same70.o
RSWDT_Handler                                     src/ASF/sam/utils/cmsis/same70/source/templates/gcc/startup_same70.o
RTC_Handler                                       src/ASF/sam/utils/cmsis/same70/source/templates/gcc/startup_same70.o
RTC_init                                          src/helpers.o
RTT_Handler                                       src/main.o
                                                  src/ASF/sam/utils/cmsis/same70/source/templates/gcc/startup_same70.o
RTT_init                                          src/helpers.o
                                                  src/main.o
Reset_Handler                                     src/ASF/sam/utils/cmsis/same70/source/templates/gcc/startup_same70.o
SDRAMC_Handler                                    src/ASF/sam/utils/cmsis/same70/source/templates/gcc/startup_same70.o
SPI0_Handler                                      src/ASF/sam/utils/cmsis/same70/source/templates/gcc/startup_same70.o
SPI1_Handler                                      src/ASF/sam/utils/cmsis/same70/source/templates/gcc/startup_same70.o
SSC_Handler                                       src/ASF/sam/utils/cmsis/same70/source/templates/gcc/startup_same70.o
SUPC_Handler                                      src/ASF/sam/utils/cmsis/same70/source/templates/gcc/startup_same70.o
SVC_Handler                                       src/ASF/sam/utils/cmsis/same70/source/templates/gcc/startup_same70.o
SysTick_Handler                                   src/ASF/sam/utils/cmsis/same70/source/templates/gcc/startup_same70.o
SystemCoreClock                                   src/ASF/sam/utils/cmsis/same70/source/templates/system_same70.o
SystemCoreClockUpdate                             src/ASF/sam/utils/cmsis/same70/source/templates/system_same70.o
                                                  src/ASF/common/services/clock/same70/sysclk.o
SystemInit                                        src/ASF/sam/utils/cmsis/same70/source/templates/system_same70.o
TC0_Handler                                       src/main.o
                                                  src/ASF/sam/utils/cmsis/same70/source/templates/gcc/startup_same70.o
TC10_Handler                                      src/ASF/sam/utils/cmsis/same70/source/templates/gcc/startup_same70.o
TC11_Handler                                      src/ASF/sam/utils/cmsis/same70/source/templates/gcc/startup_same70.o
TC1_Handler                                       src/main.o
                                                  src/ASF/sam/utils/cmsis/same70/source/templates/gcc/startup_same70.o
TC2_Handler                                       src/ASF/sam/utils/cmsis/same70/source/templates/gcc/startup_same70.o
TC3_Handler                                       src/ASF/sam/utils/cmsis/same70/source/templates/gcc/startup_same70.o
TC4_Handler                                       src/ASF/sam/utils/cmsis/same70/source/templates/gcc/startup_same70.o
TC5_Handler                                       src/ASF/sam/utils/cmsis/same70/source/templates/gcc/startup_same70.o
TC6_Handler                                       src/ASF/sam/utils/cmsis/same70/source/templates/gcc/startup_same70.o
TC7_Handler                                       src/ASF/sam/utils/cmsis/same70/source/templates/gcc/startup_same70.o
TC8_Handler                                       src/ASF/sam/utils/cmsis/same70/source/templates/gcc/startup_same70.o
TC9_Handler                                       src/ASF/sam/utils/cmsis/same70/source/templates/gcc/startup_same70.o
TC_init                                           src/helpers.o
                                                  src/main.o
TRNG_Handler                                      src/ASF/sam/utils/cmsis/same70/source/templates/gcc/startup_same70.o
TWIHS0_Handler                                    src/ASF/sam/utils/cmsis/same70/source/templates/gcc/startup_same70.o
TWIHS1_Handler                                    src/ASF/sam/utils/cmsis/same70/source/templates/gcc/startup_same70.o
TWIHS2_Handler                                    src/ASF/sam/utils/cmsis/same70/source/templates/gcc/startup_same70.o
UART0_Handler                                     src/ASF/sam/utils/cmsis/same70/source/templates/gcc/startup_same70.o
UART1_Handler                                     src/ASF/sam/utils/cmsis/same70/source/templates/gcc/startup_same70.o
UART2_Handler                                     src/ASF/sam/utils/cmsis/same70/source/templates/gcc/startup_same70.o
UART3_Handler                                     src/ASF/sam/utils/cmsis/same70/source/templates/gcc/startup_same70.o
UART4_Handler                                     src/ASF/sam/utils/cmsis/same70/source/templates/gcc/startup_same70.o
USART0_Handler                                    src/ASF/sam/utils/cmsis/same70/source/templates/gcc/startup_same70.o
USART1_Handler                                    src/ASF/sam/utils/cmsis/same70/source/templates/gcc/startup_same70.o
USART2_Handler                                    src/ASF/sam/utils/cmsis/same70/source/templates/gcc/startup_same70.o
USBHS_Handler                                     src/ASF/sam/utils/cmsis/same70/source/templates/gcc/startup_same70.o
UsageFault_Handler                                src/ASF/sam/utils/cmsis/same70/source/templates/gcc/startup_same70.o
WDT_Handler                                       src/ASF/sam/utils/cmsis/same70/source/templates/gcc/startup_same70.o
XDMAC_Handler                                     src/ASF/sam/utils/cmsis/same70/source/templates/gcc/startup_same70.o
_Jv_RegisterClasses                               c:/program files (x86)/7.0/toolchain/arm/arm-gnu-toolchain/bin/../lib/gcc/arm-none-eabi/6.3.1/thumb/v7e-m/crtbegin.o
__aeabi_idiv0                                     c:/program files (x86)/7.0/toolchain/arm/arm-gnu-toolchain/bin/../lib/gcc/arm-none-eabi/6.3.1/thumb/v7e-m\libgcc.a(_dvmd_tls.o)
__aeabi_ldiv0                                     c:/program files (x86)/7.0/toolchain/arm/arm-gnu-toolchain/bin/../lib/gcc/arm-none-eabi/6.3.1/thumb/v7e-m\libgcc.a(_dvmd_tls.o)
                                                  c:/program files (x86)/7.0/toolchain/arm/arm-gnu-toolchain/bin/../lib/gcc/arm-none-eabi/6.3.1/thumb/v7e-m\libgcc.a(_aeabi_uldivmod.o)
__aeabi_uldivmod                                  c:/program files (x86)/7.0/toolchain/arm/arm-gnu-toolchain/bin/../lib/gcc/arm-none-eabi/6.3.1/thumb/v7e-m\libgcc.a(_aeabi_uldivmod.o)
                                                  src/oled/ssd1306.o
__atexit_recursive_mutex                          c:/program files (x86)/7.0/toolchain/arm/arm-gnu-toolchain/bin/../lib/gcc/arm-none-eabi/6.3.1/../../../../arm-none-eabi/lib/thumb/v7e-m\libc.a(lib_a-__call_atexit.o)
                                                  c:/program files (x86)/7.0/toolchain/arm/arm-gnu-toolchain/bin/../lib/gcc/arm-none-eabi/6.3.1/../../../../arm-none-eabi/lib/thumb/v7e-m\libc.a(lib_a-__atexit.o)
__bss_end__                                       c:/program files (x86)/7.0/toolchain/arm/arm-gnu-toolchain/bin/../lib/gcc/arm-none-eabi/6.3.1/../../../../arm-none-eabi/lib/thumb/v7e-m/crt0.o
__bss_start__                                     c:/program files (x86)/7.0/toolchain/arm/arm-gnu-toolchain/bin/../lib/gcc/arm-none-eabi/6.3.1/../../../../arm-none-eabi/lib/thumb/v7e-m/crt0.o
__call_exitprocs                                  c:/program files (x86)/7.0/toolchain/arm/arm-gnu-toolchain/bin/../lib/gcc/arm-none-eabi/6.3.1/../../../../arm-none-eabi/lib/thumb/v7e-m\libc.a(lib_a-__call_atexit.o)
                                                  c:/program files (x86)/7.0/toolchain/arm/arm-gnu-toolchain/bin/../lib/gcc/arm-none-eabi/6.3.1/../../../../arm-none-eabi/lib/thumb/v7e-m\libc.a(lib_a-exit.o)
__deregister_frame_info                           c:/program files (x86)/7.0/toolchain/arm/arm-gnu-toolchain/bin/../lib/gcc/arm-none-eabi/6.3.1/thumb/v7e-m/crtbegin.o
__dso_handle                                      c:/program files (x86)/7.0/toolchain/arm/arm-gnu-toolchain/bin/../lib/gcc/arm-none-eabi/6.3.1/thumb/v7e-m/crtbegin.o
__fini_array_end                                  c:/program files (x86)/7.0/toolchain/arm/arm-gnu-toolchain/bin/../lib/gcc/arm-none-eabi/6.3.1/../../../../arm-none-eabi/lib/thumb/v7e-m\libc.a(lib_a-fini.o)
__fini_array_start                                c:/program files (x86)/7.0/toolchain/arm/arm-gnu-toolchain/bin/../lib/gcc/arm-none-eabi/6.3.1/../../../../arm-none-eabi/lib/thumb/v7e-m\libc.a(lib_a-fini.o)
__init_array_end                                  c:/program files (x86)/7.0/toolchain/arm/arm-gnu-toolchain/bin/../lib/gcc/arm-none-eabi/6.3.1/../../../../arm-none-eabi/lib/thumb/v7e-m\libc.a(lib_a-init.o)
__init_array_start                                c:/program files (x86)/7.0/toolchain/arm/arm-gnu-toolchain/bin/../lib/gcc/arm-none-eabi/6.3.1/../../../../arm-none-eabi/lib/thumb/v7e-m\libc.a(lib_a-init.o)
__libc_fini                                       c:/program files (x86)/7.0/toolchain/arm/arm-gnu-toolchain/bin/../lib/gcc/arm-none-eabi/6.3.1/../../../../arm-none-eabi/lib/thumb/v7e-m\libc.a(lib_a-__call_atexit.o)
__libc_fini_array                                 c:/program files (x86)/7.0/toolchain/arm/arm-gnu-toolchain/bin/../lib/gcc/arm-none-eabi/6.3.1/../../../../arm-none-eabi/lib/thumb/v7e-m\libc.a(lib_a-fini.o)
                                                  c:/program files (x86)/7.0/toolchain/arm/arm-gnu-toolchain/bin/../lib/gcc/arm-none-eabi/6.3.1/../../../../arm-none-eabi/lib/thumb/v7e-m\libc.a(lib_a-__call_atexit.o)
                                                  c:/program files (x86)/7.0/toolchain/arm/arm-gnu-toolchain/bin/../lib/gcc/arm-none-eabi/6.3.1/../../../../arm-none-eabi/lib/thumb/v7e-m/crt0.o
__libc_init_array                                 c:/program files (x86)/7.0/toolchain/arm/arm-gnu-toolchain/bin/../lib/gcc/arm-none-eabi/6.3.1/../../../../arm-none-eabi/lib/thumb/v7e-m\libc.a(lib_a-init.o)
                                                  src/ASF/sam/utils/cmsis/same70/source/templates/gcc/startup_same70.o
                                                  c:/program files (x86)/7.0/toolchain/arm/arm-gnu-toolchain/bin/../lib/gcc/arm-none-eabi/6.3.1/../../../../arm-none-eabi/lib/thumb/v7e-m/crt0.o
__lock___arc4random_mutex                         c:/program files (x86)/7.0/toolchain/arm/arm-gnu-toolchain/bin/../lib/gcc/arm-none-eabi/6.3.1/../../../../arm-none-eabi/lib/thumb/v7e-m\libc.a(lib_a-lock.o)
__lock___at_quick_exit_mutex                      c:/program files (x86)/7.0/toolchain/arm/arm-gnu-toolchain/bin/../lib/gcc/arm-none-eabi/6.3.1/../../../../arm-none-eabi/lib/thumb/v7e-m\libc.a(lib_a-lock.o)
__lock___atexit_recursive_mutex                   c:/program files (x86)/7.0/toolchain/arm/arm-gnu-toolchain/bin/../lib/gcc/arm-none-eabi/6.3.1/../../../../arm-none-eabi/lib/thumb/v7e-m\libc.a(lib_a-lock.o)
                                                  c:/program files (x86)/7.0/toolchain/arm/arm-gnu-toolchain/bin/../lib/gcc/arm-none-eabi/6.3.1/../../../../arm-none-eabi/lib/thumb/v7e-m\libc.a(lib_a-__call_atexit.o)
__lock___dd_hash_mutex                            c:/program files (x86)/7.0/toolchain/arm/arm-gnu-toolchain/bin/../lib/gcc/arm-none-eabi/6.3.1/../../../../arm-none-eabi/lib/thumb/v7e-m\libc.a(lib_a-lock.o)
__lock___env_recursive_mutex                      c:/program files (x86)/7.0/toolchain/arm/arm-gnu-toolchain/bin/../lib/gcc/arm-none-eabi/6.3.1/../../../../arm-none-eabi/lib/thumb/v7e-m\libc.a(lib_a-lock.o)
__lock___malloc_recursive_mutex                   c:/program files (x86)/7.0/toolchain/arm/arm-gnu-toolchain/bin/../lib/gcc/arm-none-eabi/6.3.1/../../../../arm-none-eabi/lib/thumb/v7e-m\libc.a(lib_a-lock.o)
__lock___sfp_recursive_mutex                      c:/program files (x86)/7.0/toolchain/arm/arm-gnu-toolchain/bin/../lib/gcc/arm-none-eabi/6.3.1/../../../../arm-none-eabi/lib/thumb/v7e-m\libc.a(lib_a-lock.o)
__lock___sinit_recursive_mutex                    c:/program files (x86)/7.0/toolchain/arm/arm-gnu-toolchain/bin/../lib/gcc/arm-none-eabi/6.3.1/../../../../arm-none-eabi/lib/thumb/v7e-m\libc.a(lib_a-lock.o)
__lock___tz_mutex                                 c:/program files (x86)/7.0/toolchain/arm/arm-gnu-toolchain/bin/../lib/gcc/arm-none-eabi/6.3.1/../../../../arm-none-eabi/lib/thumb/v7e-m\libc.a(lib_a-lock.o)
__preinit_array_end                               c:/program files (x86)/7.0/toolchain/arm/arm-gnu-toolchain/bin/../lib/gcc/arm-none-eabi/6.3.1/../../../../arm-none-eabi/lib/thumb/v7e-m\libc.a(lib_a-init.o)
__preinit_array_start                             c:/program files (x86)/7.0/toolchain/arm/arm-gnu-toolchain/bin/../lib/gcc/arm-none-eabi/6.3.1/../../../../arm-none-eabi/lib/thumb/v7e-m\libc.a(lib_a-init.o)
__ram_end__                                       src/ASF/sam/utils/syscalls/gcc/syscalls.o
__register_exitproc                               c:/program files (x86)/7.0/toolchain/arm/arm-gnu-toolchain/bin/../lib/gcc/arm-none-eabi/6.3.1/../../../../arm-none-eabi/lib/thumb/v7e-m\libc.a(lib_a-__atexit.o)
                                                  c:/program files (x86)/7.0/toolchain/arm/arm-gnu-toolchain/bin/../lib/gcc/arm-none-eabi/6.3.1/../../../../arm-none-eabi/lib/thumb/v7e-m\libc.a(lib_a-atexit.o)
__register_frame_info                             c:/program files (x86)/7.0/toolchain/arm/arm-gnu-toolchain/bin/../lib/gcc/arm-none-eabi/6.3.1/thumb/v7e-m/crtbegin.o
__retarget_lock_acquire                           c:/program files (x86)/7.0/toolchain/arm/arm-gnu-toolchain/bin/../lib/gcc/arm-none-eabi/6.3.1/../../../../arm-none-eabi/lib/thumb/v7e-m\libc.a(lib_a-lock.o)
__retarget_lock_acquire_recursive                 c:/program files (x86)/7.0/toolchain/arm/arm-gnu-toolchain/bin/../lib/gcc/arm-none-eabi/6.3.1/../../../../arm-none-eabi/lib/thumb/v7e-m\libc.a(lib_a-lock.o)
                                                  c:/program files (x86)/7.0/toolchain/arm/arm-gnu-toolchain/bin/../lib/gcc/arm-none-eabi/6.3.1/../../../../arm-none-eabi/lib/thumb/v7e-m\libc.a(lib_a-__atexit.o)
                                                  c:/program files (x86)/7.0/toolchain/arm/arm-gnu-toolchain/bin/../lib/gcc/arm-none-eabi/6.3.1/../../../../arm-none-eabi/lib/thumb/v7e-m\libc.a(lib_a-__call_atexit.o)
__retarget_lock_close                             c:/program files (x86)/7.0/toolchain/arm/arm-gnu-toolchain/bin/../lib/gcc/arm-none-eabi/6.3.1/../../../../arm-none-eabi/lib/thumb/v7e-m\libc.a(lib_a-lock.o)
__retarget_lock_close_recursive                   c:/program files (x86)/7.0/toolchain/arm/arm-gnu-toolchain/bin/../lib/gcc/arm-none-eabi/6.3.1/../../../../arm-none-eabi/lib/thumb/v7e-m\libc.a(lib_a-lock.o)
__retarget_lock_init                              c:/program files (x86)/7.0/toolchain/arm/arm-gnu-toolchain/bin/../lib/gcc/arm-none-eabi/6.3.1/../../../../arm-none-eabi/lib/thumb/v7e-m\libc.a(lib_a-lock.o)
__retarget_lock_init_recursive                    c:/program files (x86)/7.0/toolchain/arm/arm-gnu-toolchain/bin/../lib/gcc/arm-none-eabi/6.3.1/../../../../arm-none-eabi/lib/thumb/v7e-m\libc.a(lib_a-lock.o)
__retarget_lock_release                           c:/program files (x86)/7.0/toolchain/arm/arm-gnu-toolchain/bin/../lib/gcc/arm-none-eabi/6.3.1/../../../../arm-none-eabi/lib/thumb/v7e-m\libc.a(lib_a-lock.o)
__retarget_lock_release_recursive                 c:/program files (x86)/7.0/toolchain/arm/arm-gnu-toolchain/bin/../lib/gcc/arm-none-eabi/6.3.1/../../../../arm-none-eabi/lib/thumb/v7e-m\libc.a(lib_a-lock.o)
                                                  c:/program files (x86)/7.0/toolchain/arm/arm-gnu-toolchain/bin/../lib/gcc/arm-none-eabi/6.3.1/../../../../arm-none-eabi/lib/thumb/v7e-m\libc.a(lib_a-__atexit.o)
                                                  c:/program files (x86)/7.0/toolchain/arm/arm-gnu-toolchain/bin/../lib/gcc/arm-none-eabi/6.3.1/../../../../arm-none-eabi/lib/thumb/v7e-m\libc.a(lib_a-__call_atexit.o)
__retarget_lock_try_acquire                       c:/program files (x86)/7.0/toolchain/arm/arm-gnu-toolchain/bin/../lib/gcc/arm-none-eabi/6.3.1/../../../../arm-none-eabi/lib/thumb/v7e-m\libc.a(lib_a-lock.o)
__retarget_lock_try_acquire_recursive             c:/program files (x86)/7.0/toolchain/arm/arm-gnu-toolchain/bin/../lib/gcc/arm-none-eabi/6.3.1/../../../../arm-none-eabi/lib/thumb/v7e-m\libc.a(lib_a-lock.o)
__stack                                           c:/program files (x86)/7.0/toolchain/arm/arm-gnu-toolchain/bin/../lib/gcc/arm-none-eabi/6.3.1/../../../../arm-none-eabi/lib/thumb/v7e-m/crt0.o
__udivmoddi4                                      c:/program files (x86)/7.0/toolchain/arm/arm-gnu-toolchain/bin/../lib/gcc/arm-none-eabi/6.3.1/thumb/v7e-m\libgcc.a(_udivmoddi4.o)
                                                  c:/program files (x86)/7.0/toolchain/arm/arm-gnu-toolchain/bin/../lib/gcc/arm-none-eabi/6.3.1/thumb/v7e-m\libgcc.a(_aeabi_uldivmod.o)
_close                                            src/ASF/sam/utils/syscalls/gcc/syscalls.o
_end                                              src/ASF/sam/utils/syscalls/gcc/syscalls.o
_erelocate                                        src/ASF/sam/utils/cmsis/same70/source/templates/gcc/startup_same70.o
_estack                                           src/ASF/sam/utils/cmsis/same70/source/templates/gcc/startup_same70.o
_etext                                            src/ASF/sam/utils/cmsis/same70/source/templates/gcc/startup_same70.o
_exit                                             src/ASF/sam/utils/syscalls/gcc/syscalls.o
                                                  c:/program files (x86)/7.0/toolchain/arm/arm-gnu-toolchain/bin/../lib/gcc/arm-none-eabi/6.3.1/../../../../arm-none-eabi/lib/thumb/v7e-m\libc.a(lib_a-exit.o)
_ezero                                            src/ASF/sam/utils/cmsis/same70/source/templates/gcc/startup_same70.o
_fini                                             c:/program files (x86)/7.0/toolchain/arm/arm-gnu-toolchain/bin/../lib/gcc/arm-none-eabi/6.3.1/thumb/v7e-m/crti.o
                                                  c:/program files (x86)/7.0/toolchain/arm/arm-gnu-toolchain/bin/../lib/gcc/arm-none-eabi/6.3.1/../../../../arm-none-eabi/lib/thumb/v7e-m\libc.a(lib_a-fini.o)
_fstat                                            src/ASF/sam/utils/syscalls/gcc/syscalls.o
_getpid                                           src/ASF/sam/utils/syscalls/gcc/syscalls.o
_global_impure_ptr                                c:/program files (x86)/7.0/toolchain/arm/arm-gnu-toolchain/bin/../lib/gcc/arm-none-eabi/6.3.1/../../../../arm-none-eabi/lib/thumb/v7e-m\libc.a(lib_a-impure.o)
                                                  c:/program files (x86)/7.0/toolchain/arm/arm-gnu-toolchain/bin/../lib/gcc/arm-none-eabi/6.3.1/../../../../arm-none-eabi/lib/thumb/v7e-m\libc.a(lib_a-__atexit.o)
                                                  c:/program files (x86)/7.0/toolchain/arm/arm-gnu-toolchain/bin/../lib/gcc/arm-none-eabi/6.3.1/../../../../arm-none-eabi/lib/thumb/v7e-m\libc.a(lib_a-__call_atexit.o)
                                                  c:/program files (x86)/7.0/toolchain/arm/arm-gnu-toolchain/bin/../lib/gcc/arm-none-eabi/6.3.1/../../../../arm-none-eabi/lib/thumb/v7e-m\libc.a(lib_a-exit.o)
_impure_ptr                                       c:/program files (x86)/7.0/toolchain/arm/arm-gnu-toolchain/bin/../lib/gcc/arm-none-eabi/6.3.1/../../../../arm-none-eabi/lib/thumb/v7e-m\libc.a(lib_a-impure.o)
_init                                             c:/program files (x86)/7.0/toolchain/arm/arm-gnu-toolchain/bin/../lib/gcc/arm-none-eabi/6.3.1/thumb/v7e-m/crti.o
                                                  c:/program files (x86)/7.0/toolchain/arm/arm-gnu-toolchain/bin/../lib/gcc/arm-none-eabi/6.3.1/../../../../arm-none-eabi/lib/thumb/v7e-m\libc.a(lib_a-init.o)
_isatty                                           src/ASF/sam/utils/syscalls/gcc/syscalls.o
_kill                                             src/ASF/sam/utils/syscalls/gcc/syscalls.o
_lseek                                            src/ASF/sam/utils/syscalls/gcc/syscalls.o
_mainCRTStartup                                   c:/program files (x86)/7.0/toolchain/arm/arm-gnu-toolchain/bin/../lib/gcc/arm-none-eabi/6.3.1/../../../../arm-none-eabi/lib/thumb/v7e-m/crt0.o
_sbrk                                             src/ASF/sam/utils/syscalls/gcc/syscalls.o
_sfixed                                           src/ASF/sam/utils/cmsis/same70/source/templates/gcc/startup_same70.o
_srelocate                                        src/ASF/sam/utils/cmsis/same70/source/templates/gcc/startup_same70.o
_start                                            c:/program files (x86)/7.0/toolchain/arm/arm-gnu-toolchain/bin/../lib/gcc/arm-none-eabi/6.3.1/../../../../arm-none-eabi/lib/thumb/v7e-m/crt0.o
_szero                                            src/ASF/sam/utils/cmsis/same70/source/templates/gcc/startup_same70.o
alarm_rtt                                         src/main.o
all_flags_zero                                    src/main.o
all_leds_on                                       src/main.o
atexit                                            c:/program files (x86)/7.0/toolchain/arm/arm-gnu-toolchain/bin/../lib/gcc/arm-none-eabi/6.3.1/../../../../arm-none-eabi/lib/thumb/v7e-m\libc.a(lib_a-atexit.o)
                                                  c:/program files (x86)/7.0/toolchain/arm/arm-gnu-toolchain/bin/../lib/gcc/arm-none-eabi/6.3.1/../../../../arm-none-eabi/lib/thumb/v7e-m\libc.a(lib_a-__call_atexit.o)
                                                  c:/program files (x86)/7.0/toolchain/arm/arm-gnu-toolchain/bin/../lib/gcc/arm-none-eabi/6.3.1/../../../../arm-none-eabi/lib/thumb/v7e-m/crt0.o
board_init                                        src/ASF/sam/boards/same70_xplained/init.o
                                                  src/main.o
but1_callback                                     src/main.o
but1_flag                                         src/main.o
but2_callback                                     src/main.o
but2_flag                                         src/main.o
but3_callback                                     src/main.o
but3_flag                                         src/main.o
check_passwd                                      src/main.o
config_button                                     src/helpers.o
cpu_irq_enter_critical                            src/ASF/common/utils/interrupt/interrupt_sam_nvic.o
cpu_irq_leave_critical                            src/ASF/common/utils/interrupt/interrupt_sam_nvic.o
draw_oled                                         src/main.o
erase_oled                                        src/main.o
exception_table                                   src/ASF/sam/utils/cmsis/same70/source/templates/gcc/startup_same70.o
exit                                              c:/program files (x86)/7.0/toolchain/arm/arm-gnu-toolchain/bin/../lib/gcc/arm-none-eabi/6.3.1/../../../../arm-none-eabi/lib/thumb/v7e-m\libc.a(lib_a-exit.o)
                                                  c:/program files (x86)/7.0/toolchain/arm/arm-gnu-toolchain/bin/../lib/gcc/arm-none-eabi/6.3.1/../../../../arm-none-eabi/lib/thumb/v7e-m/crt0.o
free                                              c:/program files (x86)/7.0/toolchain/arm/arm-gnu-toolchain/bin/../lib/gcc/arm-none-eabi/6.3.1/../../../../arm-none-eabi/lib/thumb/v7e-m\libc.a(lib_a-__call_atexit.o)
g_interrupt_enabled                               src/ASF/common/utils/interrupt/interrupt_sam_nvic.o
                                                  src/ASF/sam/utils/cmsis/same70/source/templates/gcc/startup_same70.o
                                                  src/ASF/sam/drivers/pmc/sleep.o
                                                  src/ASF/sam/drivers/mpu/mpu.o
gfx_mono_draw_char                                src/oled/gfx_mono_text.o
gfx_mono_draw_progmem_string                      src/oled/gfx_mono_text.o
gfx_mono_draw_string                              src/oled/gfx_mono_text.o
                                                  src/main.o
gfx_mono_framebuffer_draw_pixel                   src/oled/gfx_mono_framebuffer.o
gfx_mono_framebuffer_get_byte                     src/oled/gfx_mono_framebuffer.o
                                                  src/oled/gfx_mono_ug_2832hsweg04.o
gfx_mono_framebuffer_get_page                     src/oled/gfx_mono_framebuffer.o
                                                  src/oled/gfx_mono_ug_2832hsweg04.o
gfx_mono_framebuffer_get_pixel                    src/oled/gfx_mono_framebuffer.o
gfx_mono_framebuffer_mask_byte                    src/oled/gfx_mono_framebuffer.o
gfx_mono_framebuffer_put_byte                     src/oled/gfx_mono_framebuffer.o
                                                  src/oled/gfx_mono_ug_2832hsweg04.o
gfx_mono_framebuffer_put_page                     src/oled/gfx_mono_framebuffer.o
                                                  src/oled/gfx_mono_ug_2832hsweg04.o
gfx_mono_generic_draw_circle                      src/oled/gfx_mono_generic.o
gfx_mono_generic_draw_filled_circle               src/oled/gfx_mono_generic.o
gfx_mono_generic_draw_filled_rect                 src/oled/gfx_mono_generic.o
                                                  src/oled/gfx_mono_text.o
gfx_mono_generic_draw_horizontal_line             src/oled/gfx_mono_generic.o
gfx_mono_generic_draw_line                        src/oled/gfx_mono_generic.o
gfx_mono_generic_draw_rect                        src/oled/gfx_mono_generic.o
gfx_mono_generic_draw_vertical_line               src/oled/gfx_mono_generic.o
gfx_mono_generic_put_bitmap                       src/oled/gfx_mono_generic.o
gfx_mono_get_progmem_string_bounding_box          src/oled/gfx_mono_text.o
gfx_mono_get_string_bounding_box                  src/oled/gfx_mono_text.o
gfx_mono_set_framebuffer                          src/oled/gfx_mono_framebuffer.o
                                                  src/oled/gfx_mono_ug_2832hsweg04.o
gfx_mono_ssd1306_draw_pixel                       src/oled/gfx_mono_ug_2832hsweg04.o
                                                  src/oled/gfx_mono_text.o
                                                  src/oled/gfx_mono_generic.o
gfx_mono_ssd1306_get_byte                         src/oled/gfx_mono_ug_2832hsweg04.o
                                                  src/oled/gfx_mono_generic.o
                                                  src/oled/gfx_mono_framebuffer.o
gfx_mono_ssd1306_get_page                         src/oled/gfx_mono_ug_2832hsweg04.o
gfx_mono_ssd1306_get_pixel                        src/oled/gfx_mono_ug_2832hsweg04.o
gfx_mono_ssd1306_init                             src/oled/gfx_mono_ug_2832hsweg04.o
                                                  src/main.o
gfx_mono_ssd1306_mask_byte                        src/oled/gfx_mono_ug_2832hsweg04.o
                                                  src/oled/gfx_mono_generic.o
gfx_mono_ssd1306_put_byte                         src/oled/gfx_mono_ug_2832hsweg04.o
                                                  src/oled/gfx_mono_generic.o
                                                  src/oled/gfx_mono_framebuffer.o
gfx_mono_ssd1306_put_framebuffer                  src/oled/gfx_mono_ug_2832hsweg04.o
gfx_mono_ssd1306_put_page                         src/oled/gfx_mono_ug_2832hsweg04.o
                                                  src/oled/gfx_mono_generic.o
handle_passwd                                     src/main.o
hardware_init_hook                                c:/program files (x86)/7.0/toolchain/arm/arm-gnu-toolchain/bin/../lib/gcc/arm-none-eabi/6.3.1/../../../../arm-none-eabi/lib/thumb/v7e-m/crt0.o
io_init                                           src/main.o
link                                              src/ASF/sam/utils/syscalls/gcc/syscalls.o
main                                              src/main.o
                                                  src/ASF/sam/utils/cmsis/same70/source/templates/gcc/startup_same70.o
                                                  c:/program files (x86)/7.0/toolchain/arm/arm-gnu-toolchain/bin/../lib/gcc/arm-none-eabi/6.3.1/../../../../arm-none-eabi/lib/thumb/v7e-m/crt0.o
malloc                                            c:/program files (x86)/7.0/toolchain/arm/arm-gnu-toolchain/bin/../lib/gcc/arm-none-eabi/6.3.1/../../../../arm-none-eabi/lib/thumb/v7e-m\libc.a(lib_a-__atexit.o)
memset                                            c:/program files (x86)/7.0/toolchain/arm/arm-gnu-toolchain/bin/../lib/gcc/arm-none-eabi/6.3.1/../../../../arm-none-eabi/lib/thumb/v7e-m\libc.a(lib_a-memset.o)